[www.beneinst.it/index.html]
[backblue.gif]
[fade.gif]
[index.html]
[www.beneinst.it/templates/artis2/favicon.ico]
[www.beneinst.it/media/com_jchoptimize/cache/css/c960300fab81110bfe82f7225a1904b891677a13e6f50cf0aa0159542fb4d5bf.css]
[www.beneinst.it/modules/mod_favshowcase/theme/css/favshowcase.css]
[maxcdn.bootstrapcdn.com/font-awesome/4.7.0/css/font-awesome.min.css]
[www.beneinst.it/indexc0d0.html]
[www.beneinst.it/index7b17.html]
[www.beneinst.it/modules/mod_ebdarkmode/assets/css/darkmood_style.css]
[www.beneinst.it/media/mod_rssocial/css/rssocial2434.css]
[www.beneinst.it/media/mod_rssocial/css/rssocial-anim2434.css]
[www.beneinst.it/media/mod_rssocial/css/rssocial-font2434.css]
[www.beneinst.it/modules/mod_favsliderpro/theme/bootstrap/favth-bootstrap.css]
[www.beneinst.it/modules/mod_favsliderpro/theme/css/favsliderpro.css]
[use.fontawesome.com/releases/v5.1.0/css/all.css]
[www.beneinst.it/images/bg4K/7O5k.jpg]
[www.beneinst.it/media/com_jchoptimize/cache/js/1b208e277e2094a63c0e90bf769ca090847f9b4897b7cfa35dd4f7cdca2aad83.js]
[www.beneinst.it/media/com_jchoptimize/cache/css/c960300fab81110bfe82f7225a1904b8b87087d7b85d0a9fc75c5a2407f0a4cf.css]
[www.beneinst.it/modules/mod_favshowcase/theme/js/viewportchecker/viewportchecker.js]
[www.beneinst.it/media/com_jchoptimize/cache/js/1b208e277e2094a63c0e90bf769ca090f0f3e0fa95eb8276ad2253a3fb2bd7e0.js]
[www.beneinst.it/modules/mod_ebdarkmode/assets/js/ebdarkmode62ee.js]
[www.beneinst.it/media/mod_rssocial/js/rssocial2434.js]
[www.beneinst.it/modules/mod_favsliderpro/theme/bootstrap/favth-bootstrap.js]
[www.beneinst.it/media/com_jchoptimize/cache/js/1b208e277e2094a63c0e90bf769ca0901d252c212aa964b9405db26e7140b0ec.js]
[www.beneinst.it/di-franco-farina.html]
[www.beneinst.it/di-arturo-pistocchi.html]
[www.beneinst.it/di-massimo-vaj.html]
[www.beneinst.it/di-luigi-cardarelli.html]
[www.beneinst.it/di-maria-teresa-azzoni.html]
[www.beneinst.it/lettereroccovel.html]
[www.beneinst.it/lettera-alla-nipote.html]
[www.beneinst.it/di-g-ambrosecchia.html]
[www.beneinst.it/di-franco-bazzarelli.html]
[www.beneinst.it/di-salvatore-esposito.html]
[www.beneinst.it/di-arturo-pistocchi-2.html]
[www.beneinst.it/di-salvatore-messina-2.html]
[www.beneinst.it/di-anna-maria-tarantino.html]
[www.beneinst.it/di-chiara-g-schiavini.html]
[www.beneinst.it/di-begonia-curto.html]
[www.beneinst.it/di-katia-ferri.html]
[www.beneinst.it/di-marco-piluso.html]
[www.beneinst.it/di-rocco-veltri.html]
[www.beneinst.it/di-marino-recupero.html]
[www.beneinst.it/di-rosario-furgiuele.html]
[www.beneinst.it/di-rita-matrella.html]
[www.beneinst.it/di-rosachiara-bentivenga.html]
[www.beneinst.it/di-francesco-magli.html]
[www.beneinst.it/di-valerio-pazzi.html]
[www.beneinst.it/di-felice-gualtieri.html]
[www.beneinst.it/salvatoretonnara.html]
[www.beneinst.it/invio-sed-etiam.html]
[www.beneinst.it/pubblicazion/in-italiano/il-bene-e-il-male-memorie-b.html]
[www.beneinst.it/pubblicazion/in-italiano/un-soffitto-di-cenere.html]
[www.beneinst.it/pubblicazion/in-italiano/siamo-gia-noi-tra-dieci-minuti.html]
[www.beneinst.it/pubblicazion/in-italiano/dillo-tu-te-stesso.html]
[www.beneinst.it/pubblicazion/in-english/good-and-evil-memories.html]
[www.beneinst.it/pubblicazion/in-english/an-ash-ceiling.html]
[www.beneinst.it/pubblicazion/in-english/it-s-already-us-in-ten-minutes.html]
[www.beneinst.it/pubblicazion/in-english/say-it-yourself.html]
[www.beneinst.it/pubblicazion/en-francais/le-bien-et-le-mal-memoires.html]
[www.beneinst.it/pubblicazion/en-francais/un-plafond-en-frene.html]
[www.beneinst.it/pubblicazion/en-francais/nous-sommes-deja-dans.html]
[www.beneinst.it/pubblicazion/en-francais/dis-le-toi-meme.html]
[www.beneinst.it/pubblicazion/en-espanol/el-bien-y-el-mal-memorias.html]
[www.beneinst.it/pubblicazion/en-espanol/un-techo-de-cenizas-b.html]
[www.beneinst.it/pubblicazion/en-espanol/dilo-tu-mismo-a.html]
[www.beneinst.it/condiscendenza-umana.html]
[www.beneinst.it/io-ho-molte-credenze.html]
[www.beneinst.it/i-sogni-il-tempo.html]
[www.beneinst.it/le-parole-che-non-si-possono-usare.html]
[www.beneinst.it/sino-polis.html]
[www.beneinst.it/mercurio-io-e-tu.html]
[www.beneinst.it/te-lo-colorerei.html]
[www.beneinst.it/per-ch-e-sempre.html]
[www.beneinst.it/audiolibri.html]
[www.beneinst.it/chi-sono.html]
[www.beneinst.it/contatti.html]
[www.beneinst.it/mappa-beneinst.html]
[www.beneinst.it/chisono/cookie-privacy-policy.html]
[www.beneinst.it/pdf.html]
[www.beneinst.it/epub.html]
[www.beneinst.it/awz3-mobi.html]
[www.beneinst.it/pubblicazion/in-italiano/il-bene-e-il-male-memorie-b-2.html]
[www.beneinst.it/images/Copertine/ilprimo2.jpg]
[www.beneinst.it/pubblicazion/in-italiano/un-soffitto-di-cenere-2.html]
[www.beneinst.it/images/Copertine/secondo2.jpg]
[www.beneinst.it/pubblicazion/in-italiano/siamo-gia-noi-tra-dieci-minuti-2.html]
[www.beneinst.it/images/Copertine/terzo2.jpg]
[www.beneinst.it/pubblicazion/in-italiano/dillo-tu-te-stesso-2.html]
[www.beneinst.it/images/Copertine/quarto2.jpg]
[www.beneinst.it/images/book2.gif]
[www.beneinst.it/sed-etiam-menu.html]
[www.beneinst.it/diari-menu.html]
[www.beneinst.it/images/prima4.png]
[www.beneinst.it/chi-sono-2.html]
[www.beneinst.it/di-rocco-veltri0c72.html]
[www.beneinst.it/di-rocco-veltribc9c.html]
[www.beneinst.it/index.php/lettereroccovel.html]
[www.beneinst.it/index.php/lettereroccovel77ba.html]
[www.beneinst.it/images/SfondiCanva/image03.png]
[static.copyrighted.com/badges/125x75/04.png]
[www.beneinst.it/chisono/cookie-privacy-policy-2.html]
[www.beneinst.it/modules/mod_ebdarkmode/assets/images/eb_darkmoode-4.png]
[www.beneinst.it/index.html]
[www.beneinst.it/media/jui/img/glyphicons-halflings.png]
[www.beneinst.it/media/jui/img/glyphicons-halflings-white.png]
[www.beneinst.it/media/com_jchoptimize/cache/css/c960300fab81110bfe82f7225a1904b891677a13e6f50cf0aa0159542fb4d5bf.css]
[www.beneinst.it/modules/mod_favshowcase/theme/css/favshowcase.css]
[maxcdn.bootstrapcdn.com/font-awesome/4.7.0/css/font-awesome.min.css]
[www.beneinst.it/modules/mod_ebdarkmode/assets/css/darkmood_style.css]
[www.beneinst.it/media/mod_rssocial/css/rssocial2434.css]
[www.beneinst.it/media/mod_rssocial/css/rssocial-anim2434.css]
[www.beneinst.it/media/mod_rssocial/font/rssocial-font6748.eot]
[www.beneinst.it/component/mailto/index67ab.html]
[www.beneinst.it/media/mod_rssocial/font/rssocial-font6748.woff]
[www.beneinst.it/media/mod_rssocial/font/rssocial-font6748.ttf]
[www.beneinst.it/media/mod_rssocial/font/rssocial-font6748.svg]
[www.beneinst.it/media/mod_rssocial/css/rssocial-font2434.css]
[www.beneinst.it/modules/mod_favsliderpro/theme/bootstrap/favth-bootstrap.css]
[www.beneinst.it/modules/mod_favsliderpro/theme/css/favsliderpro.css]
[use.fontawesome.com/releases/v5.1.0/css/all.css]
[www.beneinst.it/index7ae9.html]
[www.beneinst.it/templates/artis2/images/demo/demo-bg-offline.jpg]
[www.beneinst.it/templates/artis2/images/styles/style1/fav-bg.jpg]
[www.beneinst.it/templates/artis2/images/styles/style1/logo.png]
[www.beneinst.it/templates/artis2/images/styles/style7/fav-bg.jpg]
[www.beneinst.it/templates/artis2/images/styles/style7/logo.png]
[www.beneinst.it/media/com_jchoptimize/cache/css/c960300fab81110bfe82f7225a1904b8b87087d7b85d0a9fc75c5a2407f0a4cf.css]
[www.beneinst.it/di-franco-farinadcab.feed]
[www.beneinst.it/di-franco-farinab550.feed]
[www.beneinst.it/media/com_jchoptimize/cache/js/1b208e277e2094a63c0e90bf769ca0904caf422d63d31c4c061b37d5f20c9641.js]
[www.beneinst.it/modules/mod_ebdarkmode/assets/js/ebdarkmode64cd.js]
[www.beneinst.it/di-franco-farina77ba.html]
[www.beneinst.it/di-franco-farinabc9c.html]
[www.beneinst.it/invio-sed-etiam-2.html]
[www.beneinst.it/di-franco-farina-2.html]
[www.beneinst.it/di-arturo-pistocchi-3.html]
[www.beneinst.it/di-massimo-vaj-2.html]
[www.beneinst.it/di-luigi-cardarelli-2.html]
[www.beneinst.it/di-maria-teresa-azzoni-2.html]
[www.beneinst.it/lettereroccovel-2.html]
[www.beneinst.it/lettera-alla-nipote-2.html]
[www.beneinst.it/images/SfondiCanva/image06e.png]
[www.beneinst.it/di-franco-farina.html]
[www.beneinst.it/di-arturo-pistocchidcab.feed]
[www.beneinst.it/component/mailto/indexd768.html]
[www.beneinst.it/di-arturo-pistocchib550.feed]
[www.beneinst.it/modules/mod_ebdarkmode/assets/js/ebdarkmode41cd.js]
[www.beneinst.it/di-arturo-pistocchi77ba.html]
[www.beneinst.it/di-arturo-pistocchi.html]
[www.beneinst.it/di-arturo-pistocchibc9c.html]
[www.beneinst.it/di-massimo-vajdcab.feed]
[www.beneinst.it/component/mailto/index3afe.html]
[www.beneinst.it/di-massimo-vajb550.feed]
[www.beneinst.it/modules/mod_ebdarkmode/assets/js/ebdarkmode4068.js]
[www.beneinst.it/di-massimo-vaj77ba.html]
[www.beneinst.it/di-massimo-vaj.html]
[www.beneinst.it/di-massimo-vajbc9c.html]
[www.beneinst.it/di-luigi-cardarellidcab.feed]
[www.beneinst.it/component/mailto/index7186.html]
[www.beneinst.it/di-luigi-cardarellib550.feed]
[www.beneinst.it/modules/mod_ebdarkmode/assets/js/ebdarkmode88d4.js]
[www.beneinst.it/di-luigi-cardarelli77ba.html]
[www.beneinst.it/di-luigi-cardarellibc9c.html]
[www.beneinst.it/di-luigi-cardarelli.html]
[www.beneinst.it/di-luigi-cardarellif0e5.html]
[www.beneinst.it/di-maria-teresa-azzonidcab.feed]
[www.beneinst.it/component/mailto/index9c74.html]
[www.beneinst.it/di-maria-teresa-azzonib550.feed]
[www.beneinst.it/modules/mod_ebdarkmode/assets/js/ebdarkmode5871.js]
[www.beneinst.it/di-maria-teresa-azzoni.html]
[www.beneinst.it/di-maria-teresa-azzoni77ba.html]
[www.beneinst.it/lettereroccoveldcab.feed]
[www.beneinst.it/component/mailto/indexe110.html]
[www.beneinst.it/lettereroccovelb550.feed]
[www.beneinst.it/modules/mod_ebdarkmode/assets/js/ebdarkmode4332.js]
[www.beneinst.it/lettereroccovel77ba.html]
[www.beneinst.it/lettereroccovelbc9c.html]
[www.beneinst.it/lettereroccovelf0e5.html]
[www.beneinst.it/lettereroccovel0c72.html]
[www.beneinst.it/lettereroccovel9b5f.html]
[www.beneinst.it/lettereroccovel.html]
[www.beneinst.it/lettereroccovel034f.html]
[www.beneinst.it/modules/mod_ebdarkmode/assets/js/ebdarkmode7aa6.js]
[www.beneinst.it/lettera-alla-nipote.html]
[www.beneinst.it/component/mailto/index0790.html]
[www.beneinst.it/di-g-ambrosecchiadcab.feed]
[www.beneinst.it/component/mailto/indexecef.html]
[www.beneinst.it/di-g-ambrosecchiab550.feed]
[www.beneinst.it/modules/mod_ebdarkmode/assets/js/ebdarkmodec0de.js]
[www.beneinst.it/di-g-ambrosecchiabc9c.html]
[www.beneinst.it/di-g-ambrosecchia0c72.html]
[www.beneinst.it/di-g-ambrosecchia034f.html]
[www.beneinst.it/di-g-ambrosecchia-2.html]
[www.beneinst.it/di-franco-bazzarelli-2.html]
[www.beneinst.it/di-salvatore-esposito-2.html]
[www.beneinst.it/di-arturo-pistocchi-4.html]
[www.beneinst.it/di-salvatore-messina-3.html]
[www.beneinst.it/di-anna-maria-tarantino-2.html]
[www.beneinst.it/di-chiara-g-schiavini-2.html]
[www.beneinst.it/di-begonia-curto-2.html]
[www.beneinst.it/di-katia-ferri-2.html]
[www.beneinst.it/di-marco-piluso-2.html]
[www.beneinst.it/di-rocco-veltri-2.html]
[www.beneinst.it/di-g-ambrosecchia.html]
[www.beneinst.it/di-marino-recupero-2.html]
[www.beneinst.it/di-franco-bazzarellidcab.feed]
[www.beneinst.it/component/mailto/indexb9e0.html]
[www.beneinst.it/di-franco-bazzarellib550.feed]
[www.beneinst.it/modules/mod_ebdarkmode/assets/js/ebdarkmode145d.js]
[www.beneinst.it/di-franco-bazzarelli.html]
[www.beneinst.it/di-salvatore-espositodcab.feed]
[www.beneinst.it/component/mailto/indexdc42.html]
[www.beneinst.it/di-salvatore-espositob550.feed]
[www.beneinst.it/modules/mod_ebdarkmode/assets/js/ebdarkmode705c.js]
[www.beneinst.it/di-salvatore-esposito.html]
[www.beneinst.it/di-arturo-pistocchi-2dcab.feed]
[www.beneinst.it/component/mailto/indexd6a8.html]
[www.beneinst.it/di-arturo-pistocchi-2b550.feed]
[www.beneinst.it/modules/mod_ebdarkmode/assets/js/ebdarkmodebf96.js]
[www.beneinst.it/di-arturo-pistocchi-2.html]
[www.beneinst.it/di-salvatore-messina-2dcab.feed]
[www.beneinst.it/component/mailto/indexd0d5.html]
[www.beneinst.it/di-salvatore-messina-2b550.feed]
[www.beneinst.it/modules/mod_ebdarkmode/assets/js/ebdarkmodefe52.js]
[www.beneinst.it/di-salvatore-messina-2.html]
[www.beneinst.it/component/mailto/index43a9.html]
[www.beneinst.it/di-anna-maria-tarantinodcab.feed]
[www.beneinst.it/di-anna-maria-tarantinob550.feed]
[www.beneinst.it/modules/mod_ebdarkmode/assets/js/ebdarkmode327f.js]
[www.beneinst.it/di-anna-maria-tarantino.html]
[www.beneinst.it/component/mailto/index041d.html]
[www.beneinst.it/di-chiara-g-schiavinidcab.feed]
[www.beneinst.it/di-chiara-g-schiavinib550.feed]
[www.beneinst.it/modules/mod_ebdarkmode/assets/js/ebdarkmode54bc.js]
[www.beneinst.it/di-chiara-g-schiavini.html]
[www.beneinst.it/modules/mod_ebdarkmode/assets/js/ebdarkmode78e0.js]
[www.beneinst.it/di-begonia-curto.html]
[www.beneinst.it/modules/mod_ebdarkmode/assets/js/ebdarkmodef848.js]
[www.beneinst.it/di-katia-ferri.html]
[www.beneinst.it/modules/mod_ebdarkmode/assets/js/ebdarkmode4672.js]
[www.beneinst.it/di-marco-piluso.html]
[www.beneinst.it/component/mailto/indexe9b3.html]
[www.beneinst.it/component/mailto/indexb345.html]
[www.beneinst.it/component/mailto/indexc0ee.html]
[www.beneinst.it/component/mailto/index0225.html]
[www.beneinst.it/di-rocco-veltridcab.feed]
[www.beneinst.it/di-rocco-veltrib550.feed]
[www.beneinst.it/modules/mod_ebdarkmode/assets/js/ebdarkmode1038.js]
[www.beneinst.it/di-rocco-veltri.html]
[www.beneinst.it/di-rocco-veltribc9c-2.html]
[www.beneinst.it/modules/mod_ebdarkmode/assets/js/ebdarkmode0d42.js]
[www.beneinst.it/di-marino-recupero.html]
[www.beneinst.it/component/mailto/indexdfd4.html]
[www.beneinst.it/media/com_jchoptimize/cache/js/1b208e277e2094a63c0e90bf769ca0907e8bf5d47a9796dd7b705ea6eeb4dc3c.js]
[www.beneinst.it/media/com_jchoptimize/cache/js/1b208e277e2094a63c0e90bf769ca09059a8379379b2b055c4933afbe07293d9.js]
[www.beneinst.it/component/mailto/indexc863.html]
[www.beneinst.it/modules/mod_ebdarkmode/assets/js/ebdarkmodec6c0.js]
[www.beneinst.it/images/Disegni/RFurgiuele/1.jpg]
[www.beneinst.it/images/Disegni/RFurgiuele/2.jpg]
[www.beneinst.it/images/Disegni/RFurgiuele/3.jpg]
[www.beneinst.it/images/Disegni/RFurgiuele/4.jpg]
[www.beneinst.it/images/Disegni/RFurgiuele/5.jpg]
[www.beneinst.it/images/Disegni/RFurgiuele/6.jpg]
[www.beneinst.it/images/Disegni/RFurgiuele/7.jpg]
[www.beneinst.it/images/Disegni/RFurgiuele/8.jpg]
[www.beneinst.it/images/Disegni/RFurgiuele/9.jpg]
[www.beneinst.it/di-rosario-furgiuele-2.html]
[www.beneinst.it/di-rita-matrella-2.html]
[www.beneinst.it/di-rosachiara-bentivenga-2.html]
[www.beneinst.it/di-francesco-magli-2.html]
[www.beneinst.it/di-valerio-pazzi-2.html]
[www.beneinst.it/di-felice-gualtieri-2.html]
[www.beneinst.it/di-rosario-furgiuele.html]
[www.beneinst.it/salvatoretonnara-2.html]
[www.beneinst.it/modules/mod_ebdarkmode/assets/js/ebdarkmode7521.js]
[www.beneinst.it/images/Disegni/RitaMatrella/1.jpg]
[www.beneinst.it/images/Disegni/RitaMatrella/2.jpg]
[www.beneinst.it/component/mailto/indexa10b.html]
[www.beneinst.it/images/Disegni/RitaMatrella/3.jpg]
[www.beneinst.it/images/Disegni/RitaMatrella/5.jpg]
[www.beneinst.it/images/Disegni/RitaMatrella/6.jpg]
[www.beneinst.it/images/Disegni/RitaMatrella/7.jpg]
[www.beneinst.it/images/Disegni/RitaMatrella/8.jpg]
[www.beneinst.it/images/Disegni/RitaMatrella/9.jpg]
[www.beneinst.it/images/Disegni/RitaMatrella/10.jpg]
[www.beneinst.it/di-rita-matrella.html]
[www.beneinst.it/modules/mod_ebdarkmode/assets/js/ebdarkmode1a06.js]
[www.beneinst.it/images/Disegni/Rosachiara/1.jpg]
[www.beneinst.it/component/mailto/index63b7.html]
[www.beneinst.it/images/Disegni/Rosachiara/2a.jpg]
[www.beneinst.it/images/Disegni/Rosachiara/3a.jpg]
[www.beneinst.it/images/Disegni/Rosachiara/4.jpg]
[www.beneinst.it/images/Disegni/Rosachiara/5.jpg]
[www.beneinst.it/di-rosachiara-bentivenga.html]
[www.beneinst.it/images/Disegni/Rosachiara/6.jpg]
[www.beneinst.it/modules/mod_ebdarkmode/assets/js/ebdarkmode1b22.js]
[www.beneinst.it/images/Disegni/FrancescoMagli/1.jpg]
[www.beneinst.it/images/Disegni/FrancescoMagli/2.jpg]
[www.beneinst.it/images/Disegni/FrancescoMagli/3.jpg]
[www.beneinst.it/component/mailto/index005c.html]
[www.beneinst.it/images/Disegni/FrancescoMagli/4.jpg]
[www.beneinst.it/images/Disegni/FrancescoMagli/5.jpg]
[www.beneinst.it/images/Disegni/FrancescoMagli/6.jpg]
[www.beneinst.it/images/Disegni/FrancescoMagli/7.jpg]
[www.beneinst.it/images/Disegni/FrancescoMagli/8.jpg]
[www.beneinst.it/di-francesco-magli.html]
[www.beneinst.it/modules/mod_ebdarkmode/assets/js/ebdarkmode619c.js]
[www.beneinst.it/images/Disegni/ValerioPazzi/1.jpg]
[www.beneinst.it/component/mailto/index8cb9.html]
[www.beneinst.it/images/Disegni/ValerioPazzi/2.jpg]
[www.beneinst.it/images/Disegni/ValerioPazzi/3.jpg]
[www.beneinst.it/images/Disegni/ValerioPazzi/4.jpg]
[www.beneinst.it/images/Disegni/ValerioPazzi/5.jpg]
[www.beneinst.it/di-valerio-pazzi.html]
[www.beneinst.it/modules/mod_ebdarkmode/assets/js/ebdarkmode228e.js]
[www.beneinst.it/images/Disegni/GualtieriFelice/1c.jpg]
[www.beneinst.it/images/Disegni/GualtieriFelice/3c.jpg]
[www.beneinst.it/di-felice-gualtieri.html]
[www.beneinst.it/component/mailto/index3969.html]
[www.beneinst.it/modules/mod_ebdarkmode/assets/js/ebdarkmode0d26.js]
[www.beneinst.it/images/Disegni/TonnaraSal/1b.jpg]
[www.beneinst.it/images/Disegni/TonnaraSal/2b.jpg]
[www.beneinst.it/component/mailto/indexc8d0.html]
[www.beneinst.it/images/Disegni/TonnaraSal/3b.jpg]
[www.beneinst.it/images/Disegni/TonnaraSal/4b.jpg]
[www.beneinst.it/images/Disegni/TonnaraSal/5b.jpg]
[www.beneinst.it/images/Disegni/TonnaraSal/6b.jpg]
[www.beneinst.it/salvatoretonnara.html]
[www.beneinst.it/modules/mod_ebdarkmode/assets/js/ebdarkmodead72.js]
[www.beneinst.it/images/Invio.png]
[www.beneinst.it/component/mailto/indexdc04.html]
[static.copyrighted.com/badges/125x25/04_1.png]
[www.beneinst.it/images/gmail.png]
[www.beneinst.it/images/facen1e.png]
[www.beneinst.it/invio-sed-etiam.html]
[www.beneinst.it/modules/mod_ebdarkmode/assets/js/ebdarkmode260b.js]
[www.beneinst.it/images/Copertine/Title/1it2.png]
[www.beneinst.it/component/mailto/index90ec.html]
[www.beneinst.it/images/Copertine/Miniature/image002.png]
[www.beneinst.it/images/Copertine/Miniature/image003.png]
[www.beneinst.it/images/Copertine/Miniature/image004.png]
[www.beneinst.it/images/SfondiCanva/image02.png]
[www.beneinst.it/pubblicazion/in-italiano/il-bene-e-il-male-memorie-b.html]
[www.beneinst.it/modules/mod_ebdarkmode/assets/js/ebdarkmode1c19.js]
[www.beneinst.it/component/mailto/indexe2e7.html]
[www.beneinst.it/images/Copertine/Title/2it2.png]
[www.beneinst.it/images/Copertine/Miniature/image001.png]
[www.beneinst.it/pubblicazion/in-italiano/un-soffitto-di-cenere.html]
[www.beneinst.it/modules/mod_ebdarkmode/assets/js/ebdarkmode8345.js]
[www.beneinst.it/images/Copertine/Title/3it.png]
[www.beneinst.it/pubblicazion/in-italiano/siamo-gia-noi-tra-dieci-minuti.html]
[www.beneinst.it/component/mailto/indexe739.html]
[www.beneinst.it/modules/mod_ebdarkmode/assets/js/ebdarkmode31f6.js]
[www.beneinst.it/component/mailto/index19d0.html]
[www.beneinst.it/images/Copertine/Title/4it.png]
[www.beneinst.it/pubblicazion/in-italiano/dillo-tu-te-stesso.html]
[www.beneinst.it/modules/mod_ebdarkmode/assets/js/ebdarkmode2b98.js]
[www.beneinst.it/images/Copertine/Title/1en.png]
[www.beneinst.it/component/mailto/indexaa8b.html]
[www.beneinst.it/pubblicazion/in-english/an-ash-ceiling-2.html]
[www.beneinst.it/images/Copertine/Miniature/soffIngle.png]
[www.beneinst.it/pubblicazion/in-english/it-s-already-us-in-ten-minutes-2.html]
[www.beneinst.it/images/Copertine/Miniature/image008.png]
[www.beneinst.it/pubblicazion/in-english/say-it-yourself-2.html]
[www.beneinst.it/images/Copertine/Miniature/image009.png]
[www.beneinst.it/pubblicazion/in-english/good-and-evil-memories.html]
[www.beneinst.it/modules/mod_ebdarkmode/assets/js/ebdarkmode32ac.js]
[www.beneinst.it/images/Copertine/Title/2en.png]
[www.beneinst.it/component/mailto/indexc5f3.html]
[www.beneinst.it/pubblicazion/in-english/good-and-evil-memories-2.html]
[www.beneinst.it/images/Copertine/Miniature/image005.png]
[www.beneinst.it/pubblicazion/in-english/an-ash-ceiling.html]
[www.beneinst.it/modules/mod_ebdarkmode/assets/js/ebdarkmode4d3e.js]
[www.beneinst.it/images/Copertine/Title/3en.png]
[www.beneinst.it/pubblicazion/in-english/it-s-already-us-in-ten-minutes.html]
[www.beneinst.it/modules/mod_ebdarkmode/assets/js/ebdarkmodefcb3.js]
[www.beneinst.it/component/mailto/indexaf76.html]
[www.beneinst.it/images/Copertine/Title/4en.png]
[www.beneinst.it/pubblicazion/in-english/say-it-yourself.html]
[www.beneinst.it/modules/mod_ebdarkmode/assets/js/ebdarkmode5fb8.js]
[www.beneinst.it/images/Copertine/Title/1fr.png]
[www.beneinst.it/component/mailto/index51d2.html]
[www.beneinst.it/component/mailto/index9c92.html]
[www.beneinst.it/pubblicazion/en-francais/un-plafond-en-frene-2.html]
[www.beneinst.it/images/Copertine/Miniature/image002A.png]
[www.beneinst.it/pubblicazion/en-francais/nous-sommes-deja-dans-2.html]
[www.beneinst.it/images/Copertine/Miniature/image008A.png]
[www.beneinst.it/pubblicazion/en-francais/dis-le-toi-meme-2.html]
[www.beneinst.it/images/Copertine/Miniature/image0010A.png]
[www.beneinst.it/pubblicazion/en-francais/le-bien-et-le-mal-memoires.html]
[www.beneinst.it/modules/mod_ebdarkmode/assets/js/ebdarkmode3448.js]
[www.beneinst.it/images/Copertine/Title/2fr.png]
[www.beneinst.it/component/mailto/index82c5.html]
[www.beneinst.it/pubblicazion/en-francais/le-bien-et-le-mal-memoires-2.html]
[www.beneinst.it/images/Copertine/Miniature/image001A.png]
[www.beneinst.it/images/Copertine/Miniature/image008A-2.png]
[www.beneinst.it/images/Copertine/Miniature/image0010A-2.png]
[www.beneinst.it/pubblicazion/en-francais/un-plafond-en-frene.html]
[www.beneinst.it/modules/mod_ebdarkmode/assets/js/ebdarkmode8fd6.js]
[www.beneinst.it/component/mailto/index5c27.html]
[www.beneinst.it/images/Copertine/Title/3fr.png]
[www.beneinst.it/images/Copertine/Miniature/image002A-2.png]
[www.beneinst.it/pubblicazion/en-francais/nous-sommes-deja-dans.html]
[www.beneinst.it/modules/mod_ebdarkmode/assets/js/ebdarkmodee8f1.js]
[www.beneinst.it/images/Copertine/Title/4fr.png]
[www.beneinst.it/component/mailto/indexce6c.html]
[www.beneinst.it/pubblicazion/en-francais/dis-le-toi-meme.html]
[www.beneinst.it/modules/mod_ebdarkmode/assets/js/ebdarkmodefd02.js]
[www.beneinst.it/images/Copertine/Title/1es.png]
[www.beneinst.it/component/mailto/indexfea6.html]
[www.beneinst.it/pubblicazion/en-espanol/un-techo-de-cenizas-b-2.html]
[www.beneinst.it/images/Copertine/Miniature/soffSpgn.png]
[www.beneinst.it/pubblicazion/en-espanol/dilo-tu-mismo-a-2.html]
[www.beneinst.it/images/Copertine/Miniature/image0010.png]
[www.beneinst.it/pubblicazion/en-espanol/el-bien-y-el-mal-memorias.html]
[www.beneinst.it/modules/mod_ebdarkmode/assets/js/ebdarkmodeafc9.js]
[www.beneinst.it/images/Copertine/Title/2es.png]
[www.beneinst.it/component/mailto/indexa919.html]
[www.beneinst.it/pubblicazion/en-espanol/el-bien-y-el-mal-memorias-2.html]
[www.beneinst.it/images/Copertine/Miniature/image006.png]
[www.beneinst.it/pubblicazion/en-espanol/un-techo-de-cenizas-b.html]
[www.beneinst.it/modules/mod_ebdarkmode/assets/js/ebdarkmode2409.js]
[www.beneinst.it/images/Copertine/Title/4es.png]
[www.beneinst.it/pubblicazion/en-espanol/dilo-tu-mismo-a.html]
[www.beneinst.it/modules/mod_ebdarkmode/assets/js/ebdarkmode9e26.js]
[www.beneinst.it/component/mailto/indexdb3c.html]
[www.beneinst.it/component/mailto/index82e8.html]
[www.beneinst.it/images/13j.png]
[www.beneinst.it/media/media/Ebook/gd/Condiscendenza umana.pdf]
[www.beneinst.it/images/bookiw.png]
[www.beneinst.it/media/media/Ebook/gd/CondiscendenzaUmana.epub]
[www.beneinst.it/media/media/Ebook/gd/CondiscendenzaUmana.mobi]
[www.beneinst.it/images/SfondiCanva/image006.png]
[www.beneinst.it/condiscendenza-umana-2.html]
[www.beneinst.it/io-ho-molte-credenze-2.html]
[www.beneinst.it/i-sogni-il-tempo-2.html]
[www.beneinst.it/le-parole-che-non-si-possono-usare-2.html]
[www.beneinst.it/sino-polis-2.html]
[www.beneinst.it/mercurio-io-e-tu-2.html]
[www.beneinst.it/te-lo-colorerei-2.html]
[www.beneinst.it/per-ch-e-sempre-2.html]
[www.beneinst.it/condiscendenza-umana.html]
[www.beneinst.it/audiolibri-2.html]
[www.beneinst.it/modules/mod_ebdarkmode/assets/js/ebdarkmodea922.js]
[www.beneinst.it/media/media/Ebook/gd/Io ho molte credenze.pdf]
[www.beneinst.it/component/mailto/index14dd.html]
[www.beneinst.it/media/media/Ebook/gd/IoHoMolteCredenze.epub]
[www.beneinst.it/media/media/Ebook/gd/IoHoMolteCredenze.mobi]
[www.beneinst.it/io-ho-molte-credenze.html]
[www.beneinst.it/modules/mod_ebdarkmode/assets/js/ebdarkmode2c98.js]
[www.beneinst.it/component/mailto/indexea43.html]
[www.beneinst.it/media/media/Ebook/gd/I sogni, il tempo.pdf]
[www.beneinst.it/media/media/Ebook/gd/ISogniIlTempo.epub]
[www.beneinst.it/media/media/Ebook/gd/ISogniIlTempo.mobi]
[www.beneinst.it/i-sogni-il-tempo.html]
[www.beneinst.it/modules/mod_ebdarkmode/assets/js/ebdarkmode7503.js]
[www.beneinst.it/component/mailto/index08e7.html]
[www.beneinst.it/media/media/Ebook/gd/Le parole che non si possono usare.pdf]
[www.beneinst.it/media/media/Ebook/gd/LeParoleCheNonSiPossonoUsare.epub]
[www.beneinst.it/media/media/Ebook/gd/LeParoleCheNonSiPossonoUsare.mobi]
[www.beneinst.it/le-parole-che-non-si-possono-usare.html]
[www.beneinst.it/modules/mod_ebdarkmode/assets/js/ebdarkmodef02a.js]
[www.beneinst.it/component/mailto/indexcba0.html]
[www.beneinst.it/media/media/Ebook/gd/Sino Polis.pdf]
[www.beneinst.it/media/media/Ebook/gd/SinoPolis.epub]
[www.beneinst.it/media/media/Ebook/gd/SinoPolis.mobi]
[www.beneinst.it/sino-polis.html]
[www.beneinst.it/modules/mod_ebdarkmode/assets/js/ebdarkmode913c.js]
[www.beneinst.it/component/mailto/indexebbd.html]
[www.beneinst.it/media/media/Ebook/gd/Mercurio, io e tu.pdf]
[www.beneinst.it/media/media/Ebook/gd/MercurioIoETu.epub]
[www.beneinst.it/media/media/Ebook/gd/MercurioIoETu.mobi]
[www.beneinst.it/mercurio-io-e-tu.html]
[www.beneinst.it/modules/mod_ebdarkmode/assets/js/ebdarkmode78a0.js]
[www.beneinst.it/component/mailto/indexefc0.html]
[www.beneinst.it/media/media/Ebook/gd/Te lo colorerei.pdf]
[www.beneinst.it/media/media/Ebook/gd/TeLoColorerei.epub]
[www.beneinst.it/media/media/Ebook/gd/TeLoColorerei.mobi]
[www.beneinst.it/te-lo-colorerei.html]
[www.beneinst.it/modules/mod_ebdarkmode/assets/js/ebdarkmodebc58.js]
[www.beneinst.it/component/mailto/indexddd3.html]
[www.beneinst.it/media/media/Ebook/gd/Per che sempre.pdf]
[www.beneinst.it/media/media/Ebook/gd/PerCheSempre.epub]
[www.beneinst.it/media/media/Ebook/gd/PerCheSempre.mobi]
[www.beneinst.it/per-ch-e-sempre.html]
[www.beneinst.it/modules/mod_ebdarkmode/assets/js/ebdarkmode140c.js]
[www.beneinst.it/component/mailto/indexa7fe.html]
[www.beneinst.it/images/Audio/ab_1982_5_10511.mp3]
[www.beneinst.it/images/Audio/sdcab_1983_5_11259.mp3]
[www.beneinst.it/images/Audio/sgntdmab_1984_5_12272.mp3]
[www.beneinst.it/images/Audio/dttsab_1985_5_12333.mp3]
[www.beneinst.it/images/Audio/ab_1983_1_8574.mp3]
[www.beneinst.it/images/Audio/ab_1983_1_8575.mp3]
[www.beneinst.it/images/Audio/ab_1983_1_8576.mp3]
[www.beneinst.it/images/Audio/ab_1983_1_8577.mp3]
[www.beneinst.it/images/Audio/18_1_Es.mp3]
[www.beneinst.it/images/aubookIc2.png]
[www.beneinst.it/images/aubookS.png]
[www.beneinst.it/audiolibri.html]
[www.beneinst.it/component/mailto/indexe364.html]
[www.beneinst.it/modules/mod_ebdarkmode/assets/js/ebdarkmode87ba.js]
[www.beneinst.it/images/Gerardo-DOrrico.jpg]
[www.beneinst.it/contatti-2.html]
[www.beneinst.it/chi-sono.html]
[www.beneinst.it/mappa-beneinst-2.html]
[www.beneinst.it/modules/mod_ebdarkmode/assets/js/ebdarkmode5869.js]
[www.beneinst.it/component/mailto/index5670.html]
[www.beneinst.it/images/Contwe.png]
[www.beneinst.it/contatti.html]
[www.beneinst.it/mappa-beneinstdcab.feed]
[www.beneinst.it/component/mailto/indexec6c.html]
[www.beneinst.it/mappa-beneinstb550.feed]
[www.beneinst.it/modules/mod_ebdarkmode/assets/js/ebdarkmodea08e.js]
[www.beneinst.it/index-2.html]
[www.beneinst.it/index.php/sed-etiam-menu.html]
[www.beneinst.it/index.php/di-g-ambrosecchia.html]
[www.beneinst.it/index.php/di-franco-bazzarelli.html]
[www.beneinst.it/index.php/di-salvatore-esposito.html]
[www.beneinst.it/index.php/di-arturo-pistocchi-2.html]
[www.beneinst.it/index.php/di-salvatore-messina-2.html]
[www.beneinst.it/index.php/di-anna-maria-tarantino.html]
[www.beneinst.it/index.php/di-chiara-g-schiavini.html]
[www.beneinst.it/index.php/di-begonia-curto.html]
[www.beneinst.it/index.php/di-katia-ferri.html]
[www.beneinst.it/index.php/di-marco-piluso.html]
[www.beneinst.it/index.php/di-rocco-veltri.html]
[www.beneinst.it/index.php/di-marino-recupero.html]
[www.beneinst.it/index.php/di-franco-farina.html]
[www.beneinst.it/index.php/di-arturo-pistocchi.html]
[www.beneinst.it/index.php/di-massimo-vaj.html]
[www.beneinst.it/index.php/di-luigi-cardarelli.html]
[www.beneinst.it/index.php/di-maria-teresa-azzoni.html]
[www.beneinst.it/index.php/lettera-alla-nipote.html]
[www.beneinst.it/index.php/di-rosario-furgiuele.html]
[www.beneinst.it/index.php/di-rita-matrella.html]
[www.beneinst.it/index.php/di-rosachiara-bentivenga.html]
[www.beneinst.it/index.php/di-francesco-magli.html]
[www.beneinst.it/index.php/di-valerio-pazzi.html]
[www.beneinst.it/index.php/di-felice-gualtieri.html]
[www.beneinst.it/index.php/salvatoretonnara.html]
[www.beneinst.it/index.php/diari-menu.html]
[www.beneinst.it/index.php/pubblicazion/in-italiano/il-bene-e-il-male-memorie-b.html]
[www.beneinst.it/index.php/pubblicazion/in-italiano/un-soffitto-di-cenere.html]
[www.beneinst.it/index.php/pubblicazion/in-italiano/siamo-gia-noi-tra-dieci-minuti.html]
[www.beneinst.it/index.php/pubblicazion/in-italiano/dillo-tu-te-stesso.html]
[www.beneinst.it/index.php/pubblicazion/in-english/good-and-evil-memories.html]
[www.beneinst.it/index.php/pubblicazion/in-english/an-ash-ceiling.html]
[www.beneinst.it/index.php/pubblicazion/in-english/it-s-already-us-in-ten-minutes.html]
[www.beneinst.it/index.php/pubblicazion/in-english/say-it-yourself.html]
[www.beneinst.it/index.php/pubblicazion/en-espanol/el-bien-y-el-mal-memorias.html]
[www.beneinst.it/index.php/pubblicazion/en-espanol/un-techo-de-cenizas-b.html]
[www.beneinst.it/index.php/pubblicazion/en-espanol/dilo-tu-mismo-a.html]
[www.beneinst.it/index.php/condiscendenza-umana.html]
[www.beneinst.it/index.php/io-ho-molte-credenze.html]
[www.beneinst.it/index.php/i-sogni-il-tempo.html]
[www.beneinst.it/index.php/le-parole-che-non-si-possono-usare.html]
[www.beneinst.it/index.php/sino-polis.html]
[www.beneinst.it/index.php/mercurio-io-e-tu.html]
[www.beneinst.it/index.php/te-lo-colorerei.html]
[www.beneinst.it/index.php/per-ch-e-sempre.html]
[www.beneinst.it/index.php/audiolibri.html]
[www.beneinst.it/index.php/chi-sono.html]
[www.beneinst.it/index.php/contatti.html]
[www.beneinst.it/index.php/mappa-beneinst.html]
[www.beneinst.it/index.php/chisono/cookie-privacy-policy.html]
[www.beneinst.it/index.php/pdf.html]
[www.beneinst.it/index.php/epub.html]
[www.beneinst.it/index.php/awz3-mobi.html]
[www.beneinst.it/images/SfondiCanva/image01.png]
[www.beneinst.it/mappa-beneinst.html]
[www.beneinst.it/modules/mod_ebdarkmode/assets/js/ebdarkmodeff76.js]
[www.beneinst.it/chisono/cookie-privacy-policy.html]
[www.beneinst.it/component/mailto/index365c.html]
[www.beneinst.it/pdfdcab.feed]
[www.beneinst.it/component/mailto/indexe976.html]
[www.beneinst.it/pdfb550.feed]
[www.beneinst.it/modules/mod_ebdarkmode/assets/js/ebdarkmodecffe.js]
[www.beneinst.it/media/media/Ebook/pdf/Oscar Wilde - il ritratto di Dorian Gray.pdf]
[www.beneinst.it/images/Down33b.png]
[www.beneinst.it/media/media/Ebook/pdf/wilde_de_profundis.pdf]
[www.beneinst.it/media/media/Ebook/pdf/wilde_il_delitto_di_lord_arturo_savile.pdf]
[www.beneinst.it/media/media/Ebook/pdf/wilde_la_casa_dei_melograni.pdf]
[www.beneinst.it/media/media/Ebook/pdf/wilde_intenzioni.pdf]
[www.beneinst.it/media/media/Ebook/pdf/Friedrich Nietzsche - L'anticristo.pdf]
[www.beneinst.it/media/media/Ebook/pdf/nietzsche_cosi_parlo.pdf]
[www.beneinst.it/media/media/Ebook/pdf/joyce_esuli.pdf]
[www.beneinst.it/media/media/Ebook/pdf/joyce_stefano_eroe.pdf]
[www.beneinst.it/media/media/Ebook/pdf/J. W. Goethe - Faust.pdf]
[www.beneinst.it/media/media/Ebook/pdf/goethe_i_dolori_del_giovane_werther.pdf]
[www.beneinst.it/media/media/Ebook/pdf/princi_p.pdf]
[www.beneinst.it/media/media/Ebook/pdf/goethe_elegie_romane.pdf]
[www.beneinst.it/media/media/Ebook/pdf/goethe_le_affinita_elettive.pdf]
[www.beneinst.it/media/media/Ebook/pdf/goethe_torquato_tasso.pdf]
[www.beneinst.it/media/media/Ebook/pdf/schopenhauer_il_mondo_come_volonta_e_rappresentazione.pdf]
[www.beneinst.it/media/media/Ebook/pdf/flaubert_madame_bovary.pdf]
[www.beneinst.it/media/media/Ebook/pdf/Charles Baudelaire - I fiori del male.pdf]
[www.beneinst.it/media/media/Ebook/pdf/poe_ligeia.pdf]
[www.beneinst.it/media/media/Ebook/pdf/bruno_de_la_causa_principio_et_uno.pdf]
[www.beneinst.it/media/media/Ebook/pdf/Uno, nessuno e centomila - Luigi Pirandello.pdf]
[www.beneinst.it/media/media/Ebook/pdf/donna__p.pdf]
[www.beneinst.it/media/media/Ebook/pdf/l_escl_p.pdf]
[www.beneinst.it/media/media/Ebook/pdf/pirandello_ciascuno_a_suo_modo.pdf]
[www.beneinst.it/media/media/Ebook/pdf/pirandello_arte_e_scienza.pdf]
[www.beneinst.it/media/media/Ebook/pdf/capuana_nuove_paesane.pdf]
[www.beneinst.it/media/media/Ebook/pdf/gramsci_gli_intellettuali.pdf]
[www.beneinst.it/media/media/Ebook/pdf/G. Leopardi - Storia di un'anima, memorie.pdf]
[www.beneinst.it/pdfbc9c.html]
[www.beneinst.it/pdf-2.html]
[www.beneinst.it/epub-2.html]
[www.beneinst.it/awz3-mobi-2.html]
[www.beneinst.it/images/E-Pdf.png]
[www.beneinst.it/pdf.html]
[www.beneinst.it/epubdcab.feed]
[www.beneinst.it/component/mailto/indexed65.html]
[www.beneinst.it/epubb550.feed]
[www.beneinst.it/modules/mod_ebdarkmode/assets/js/ebdarkmodee5bc.js]
[www.beneinst.it/media/media/Ebook/epub/ilcanticodellecreature - Gerardo D' Orrico.epub]
[www.beneinst.it/media/media/Ebook/epub/voltaire_candido_o_l_ottimismo.epub]
[www.beneinst.it/media/media/Ebook/epub/Carducci - Levia Gravia - st.epub]
[www.beneinst.it/media/media/Ebook/epub/Garibaldi - I Mille - st.epub]
[www.beneinst.it/media/media/Ebook/epub/Guicciardini - Storie Fiorentine - standard.epub]
[www.beneinst.it/media/media/Ebook/epub/Pascoli - Primi poemetti - standard.epub]
[www.beneinst.it/media/media/Ebook/epub/petrarca - trionfi - standard.epub]
[www.beneinst.it/media/media/Ebook/epub/boccaccio_decameron.epub]
[www.beneinst.it/media/media/Ebook/epub/Pirandello - Sei personaggi in cerca d'autore - st.epub]
[www.beneinst.it/media/media/Ebook/epub/pirandello_cosi_e_se_vi_pare_1925.epub]
[www.beneinst.it/media/media/Ebook/epub/Omero - Iliade - Standard.epub]
[www.beneinst.it/media/media/Ebook/epub/Aristotele - Metafisica - standard.epub]
[www.beneinst.it/media/media/Ebook/epub/Sant'Agostino - Il libero arbitrio - standard.epub]
[www.beneinst.it/media/media/Ebook/epub/Non si odono i suoi passi - epub.epub]
[www.beneinst.it/media/media/Ebook/epub/balzac_eugenia_grandet.epub]
[www.beneinst.it/media/media/Ebook/epub/descartes_discorso_sul_metodo.epub]
[www.beneinst.it/media/media/Ebook/epub/capuana_il_drago.epub]
[www.beneinst.it/media/media/Ebook/epub/d_annunzio_il_piacere.epub]
[www.beneinst.it/media/media/Ebook/epub/deledda_canne_al_vento.epub]
[www.beneinst.it/media/media/Ebook/epub/galilei_dialogo_sopra_i_due_massimi_sistemi.epub]
[www.beneinst.it/media/media/Ebook/epub/galilei_trattato_di_fortificazioni.epub]
[www.beneinst.it/media/media/Ebook/epub/Giovanni+Verga+-+Mastro+Don+Gesualdo.epub]
[www.beneinst.it/media/media/Ebook/epub/goldoni_l_adulatore.epub]
[www.beneinst.it/media/media/Ebook/epub/leonardo_aforismi_novelle_e_profezie.epub]
[www.beneinst.it/epubbc9c.html]
[www.beneinst.it/images/E-Epub.png]
[www.beneinst.it/epub.html]
[www.beneinst.it/awz3-mobidcab.feed]
[www.beneinst.it/component/mailto/indexdb5a.html]
[www.beneinst.it/awz3-mobib550.feed]
[www.beneinst.it/modules/mod_ebdarkmode/assets/js/ebdarkmodef646.js]
[www.beneinst.it/media/media/Ebook/mobi/Paradisi artificiali.mobi]
[www.beneinst.it/media/media/Ebook/mobi/Il lupo della steppa - Hermann Hesse.azw]
[www.beneinst.it/media/media/Ebook/mobi/Chanson de Roland - anonimo.mobi]
[www.beneinst.it/media/media/Ebook/mobi/Amorosa visione - Boccaccio.mobi]
[www.beneinst.it/media/media/Ebook/mobi/Divina Commedia v. unico - Alighieri, Dante.mobi]
[www.beneinst.it/awz3-mobibc9c.html]
[www.beneinst.it/images/E-Mobi.png]
[www.beneinst.it/awz3-mobi.html]
[www.beneinst.it/modules/mod_ebdarkmode/assets/js/ebdarkmodef8da.js]
[www.beneinst.it/pubblicazion/in-italiano/il-bene-e-il-male-memorie-b-2.html]
[www.beneinst.it/modules/mod_ebdarkmode/assets/js/ebdarkmodec44b.js]
[www.beneinst.it/pubblicazion/in-italiano/un-soffitto-di-cenere-2.html]
[www.beneinst.it/component/mailto/indexec34.html]
[www.beneinst.it/modules/mod_ebdarkmode/assets/js/ebdarkmodec659.js]
[www.beneinst.it/pubblicazion/in-italiano/siamo-gia-noi-tra-dieci-minuti-2.html]
[www.beneinst.it/component/mailto/index086c.html]
[www.beneinst.it/component/mailto/indexd67e.html]
[www.beneinst.it/modules/mod_ebdarkmode/assets/js/ebdarkmode18a6.js]
[www.beneinst.it/pubblicazion/in-italiano/dillo-tu-te-stesso-2.html]
[www.beneinst.it/component/mailto/index762c.html]
[www.beneinst.it/media/com_jchoptimize/cache/js/1b208e277e2094a63c0e90bf769ca0901baba20630fe6142634ba1a937603d61.js]
[www.beneinst.it/modules/mod_ebdarkmode/assets/js/ebdarkmodee3c5.js]
[www.beneinst.it/sed-etiam-menu.html]
[www.beneinst.it/component/mailto/index7343.html]
[www.beneinst.it/modules/mod_ebdarkmode/assets/js/ebdarkmodee878.js]
[www.beneinst.it/component/mailto/indexa222.html]
[www.beneinst.it/diari-menu.html]
[www.beneinst.it/modules/mod_ebdarkmode/assets/js/ebdarkmodeee60.js]
[www.beneinst.it/chi-sono-2.html]
[www.beneinst.it/modules/mod_ebdarkmode/assets/js/ebdarkmode11ad.js]
[www.beneinst.it/di-rocco-veltri0c72.html]
[www.beneinst.it/modules/mod_ebdarkmode/assets/js/ebdarkmodec367.js]
[www.beneinst.it/di-rocco-veltribc9c.html]
[www.beneinst.it/component/mailto/index79e2.html]
[www.beneinst.it/component/mailto/indexdac0.html]
[www.beneinst.it/component/mailto/index4c24.html]
[www.beneinst.it/component/mailto/index0c07.html]
[www.beneinst.it/modules/mod_ebdarkmode/assets/js/ebdarkmodee4c9.js]
[www.beneinst.it/index.php/lettereroccovel.html]
[www.beneinst.it/modules/mod_ebdarkmode/assets/js/ebdarkmode420a.js]
[www.beneinst.it/index.php/lettereroccovel77ba.html]
[www.beneinst.it/component/mailto/index16bd.html]
[www.beneinst.it/modules/mod_ebdarkmode/assets/js/ebdarkmodeefb5.js]
[www.beneinst.it/chisono/cookie-privacy-policy-2.html]
[www.beneinst.it/component/mailto/index64ba.html]
[www.beneinst.it/component/mailto/index67ab.html]
[www.beneinst.it/media/mod_rssocial/font/rssocial-font6748.svg]
[www.beneinst.it/media/com_jchoptimize/cache/js/1b208e277e2094a63c0e90bf769ca0902db4b174cc5b2498e20886ada62af589.js]
[www.beneinst.it/component/mailto/index0277.html]
[www.beneinst.it/modules/mod_ebdarkmode/assets/js/ebdarkmode8d7f.js]
[www.beneinst.it/index7ae9.html]
[www.beneinst.it/media/com_jchoptimize/cache/css/c960300fab81110bfe82f7225a1904b8cb99d8f4a664297a97a72c49c5618f09.css]
[www.beneinst.it/modules/mod_ebdarkmode/assets/js/ebdarkmode40e0.js]
[www.beneinst.it/di-franco-farina77ba.html]
[www.beneinst.it/index.php/index.html]
[www.beneinst.it/modules/mod_ebdarkmode/assets/js/ebdarkmode0167.js]
[www.beneinst.it/di-franco-farinabc9c.html]
[www.beneinst.it/component/mailto/index38e5.html]
[www.beneinst.it/modules/mod_ebdarkmode/assets/js/ebdarkmodeecf7.js]
[www.beneinst.it/invio-sed-etiam-2.html]
[www.beneinst.it/component/mailto/index04ed.html]
[www.beneinst.it/modules/mod_ebdarkmode/assets/js/ebdarkmodec25c.js]
[www.beneinst.it/di-franco-farina-2.html]
[www.beneinst.it/modules/mod_ebdarkmode/assets/js/ebdarkmode4447.js]
[www.beneinst.it/di-arturo-pistocchi-3.html]
[www.beneinst.it/component/mailto/index60f5.html]
[www.beneinst.it/component/mailto/indexb755.html]
[www.beneinst.it/modules/mod_ebdarkmode/assets/js/ebdarkmode24d0.js]
[www.beneinst.it/di-massimo-vaj-2.html]
[www.beneinst.it/component/mailto/index1df7.html]
[www.beneinst.it/component/mailto/index2d9b.html]
[www.beneinst.it/modules/mod_ebdarkmode/assets/js/ebdarkmode7fc0.js]
[www.beneinst.it/di-luigi-cardarelli-2.html]
[www.beneinst.it/modules/mod_ebdarkmode/assets/js/ebdarkmode854b.js]
[www.beneinst.it/di-maria-teresa-azzoni-2.html]
[www.beneinst.it/modules/mod_ebdarkmode/assets/js/ebdarkmode0e8d.js]
[www.beneinst.it/lettereroccovel-2.html]
[www.beneinst.it/component/mailto/indexf206.html]
[www.beneinst.it/component/mailto/indexb024.html]
[www.beneinst.it/component/mailto/indexee79.html]
[www.beneinst.it/component/mailto/indexb2e8.html]
[www.beneinst.it/modules/mod_ebdarkmode/assets/js/ebdarkmode9e65.js]
[www.beneinst.it/lettera-alla-nipote-2.html]
[www.beneinst.it/component/mailto/indexd768.html]
[www.beneinst.it/modules/mod_ebdarkmode/assets/js/ebdarkmode801b.js]
[www.beneinst.it/di-arturo-pistocchi77ba.html]
[www.beneinst.it/modules/mod_ebdarkmode/assets/js/ebdarkmodecc58.js]
[www.beneinst.it/di-arturo-pistocchibc9c.html]
[www.beneinst.it/component/mailto/index3afe.html]
[www.beneinst.it/component/mailto/index5d7b.html]
[www.beneinst.it/component/mailto/index300f.html]
[www.beneinst.it/modules/mod_ebdarkmode/assets/js/ebdarkmode5055.js]
[www.beneinst.it/di-massimo-vaj77ba.html]
[www.beneinst.it/component/mailto/indexd736.html]
[www.beneinst.it/modules/mod_ebdarkmode/assets/js/ebdarkmodea31c.js]
[www.beneinst.it/di-massimo-vajbc9c.html]
[www.beneinst.it/component/mailto/index7186.html]
[www.beneinst.it/modules/mod_ebdarkmode/assets/js/ebdarkmodefcda.js]
[www.beneinst.it/di-luigi-cardarelli77ba.html]
[www.beneinst.it/component/mailto/index88fc.html]
[www.beneinst.it/modules/mod_ebdarkmode/assets/js/ebdarkmode7059.js]
[www.beneinst.it/di-luigi-cardarellibc9c.html]
[www.beneinst.it/component/mailto/index3f30.html]
[www.beneinst.it/modules/mod_ebdarkmode/assets/js/ebdarkmodee5f8.js]
[www.beneinst.it/di-luigi-cardarellif0e5.html]
[www.beneinst.it/component/mailto/index9c74.html]
[www.beneinst.it/component/mailto/indexab21.html]
[www.beneinst.it/modules/mod_ebdarkmode/assets/js/ebdarkmode039e.js]
[www.beneinst.it/di-maria-teresa-azzoni77ba.html]
[www.beneinst.it/component/mailto/indexe110.html]
[www.beneinst.it/component/mailto/indexef98.html]
[www.beneinst.it/component/mailto/index47cc.html]
[www.beneinst.it/modules/mod_ebdarkmode/assets/js/ebdarkmode5f87.js]
[www.beneinst.it/lettereroccovel77ba.html]
[www.beneinst.it/component/mailto/indexdff3.html]
[www.beneinst.it/modules/mod_ebdarkmode/assets/js/ebdarkmode30c2.js]
[www.beneinst.it/lettereroccovelbc9c.html]
[www.beneinst.it/component/mailto/indexf2ac.html]
[www.beneinst.it/modules/mod_ebdarkmode/assets/js/ebdarkmode9123.js]
[www.beneinst.it/lettereroccovelf0e5.html]
[www.beneinst.it/modules/mod_ebdarkmode/assets/js/ebdarkmodefa16.js]
[www.beneinst.it/lettereroccovel0c72.html]
[www.beneinst.it/component/mailto/index3880.html]
[www.beneinst.it/modules/mod_ebdarkmode/assets/js/ebdarkmode1e63.js]
[www.beneinst.it/lettereroccovel9b5f.html]
[www.beneinst.it/modules/mod_ebdarkmode/assets/js/ebdarkmode2093.js]
[www.beneinst.it/lettereroccovel034f.html]
[www.beneinst.it/component/mailto/index73ba.html]
[www.beneinst.it/component/mailto/index0790.html]
[www.beneinst.it/component/mailto/indexecef.html]
[www.beneinst.it/component/mailto/index25c5.html]
[www.beneinst.it/modules/mod_ebdarkmode/assets/js/ebdarkmode76b3.js]
[www.beneinst.it/di-g-ambrosecchiabc9c.html]
[www.beneinst.it/component/mailto/index9730.html]
[www.beneinst.it/component/mailto/index44a7.html]
[www.beneinst.it/modules/mod_ebdarkmode/assets/js/ebdarkmode8ad1.js]
[www.beneinst.it/di-g-ambrosecchia0c72.html]
[www.beneinst.it/modules/mod_ebdarkmode/assets/js/ebdarkmode0503.js]
[www.beneinst.it/di-g-ambrosecchia034f.html]
[www.beneinst.it/component/mailto/indexf7c5.html]
[www.beneinst.it/modules/mod_ebdarkmode/assets/js/ebdarkmode828f.js]
[www.beneinst.it/di-g-ambrosecchia-2.html]
[www.beneinst.it/modules/mod_ebdarkmode/assets/js/ebdarkmode7199.js]
[www.beneinst.it/di-franco-bazzarelli-2.html]
[www.beneinst.it/component/mailto/index2d12.html]
[www.beneinst.it/component/mailto/index3fed.html]
[www.beneinst.it/modules/mod_ebdarkmode/assets/js/ebdarkmode9ddc.js]
[www.beneinst.it/di-salvatore-esposito-2.html]
[www.beneinst.it/component/mailto/indexe435.html]
[www.beneinst.it/component/mailto/indexfffe.html]
[www.beneinst.it/modules/mod_ebdarkmode/assets/js/ebdarkmode9cc1.js]
[www.beneinst.it/di-arturo-pistocchi-4.html]
[www.beneinst.it/component/mailto/indexb4d1.html]
[www.beneinst.it/modules/mod_ebdarkmode/assets/js/ebdarkmodeccf4.js]
[www.beneinst.it/di-salvatore-messina-3.html]
[www.beneinst.it/modules/mod_ebdarkmode/assets/js/ebdarkmode7898.js]
[www.beneinst.it/di-anna-maria-tarantino-2.html]
[www.beneinst.it/component/mailto/index9154.html]
[www.beneinst.it/modules/mod_ebdarkmode/assets/js/ebdarkmodee897.js]
[www.beneinst.it/di-chiara-g-schiavini-2.html]
[www.beneinst.it/component/mailto/indexd110.html]
[www.beneinst.it/modules/mod_ebdarkmode/assets/js/ebdarkmodeabea.js]
[www.beneinst.it/di-begonia-curto-2.html]
[www.beneinst.it/component/mailto/index06cc.html]
[www.beneinst.it/modules/mod_ebdarkmode/assets/js/ebdarkmodeb3f7.js]
[www.beneinst.it/di-katia-ferri-2.html]
[www.beneinst.it/component/mailto/index3a7c.html]
[www.beneinst.it/modules/mod_ebdarkmode/assets/js/ebdarkmode2e74.js]
[www.beneinst.it/di-marco-piluso-2.html]
[www.beneinst.it/component/mailto/index1484.html]
[www.beneinst.it/component/mailto/indexcd9a.html]
[www.beneinst.it/modules/mod_ebdarkmode/assets/js/ebdarkmode0211.js]
[www.beneinst.it/di-rocco-veltri-2.html]
[www.beneinst.it/component/mailto/index1dc1.html]
[www.beneinst.it/modules/mod_ebdarkmode/assets/js/ebdarkmode70ba.js]
[www.beneinst.it/di-marino-recupero-2.html]
[www.beneinst.it/component/mailto/indexb9e0.html]
[www.beneinst.it/component/mailto/indexdc42.html]
[www.beneinst.it/component/mailto/indexd6a8.html]
[www.beneinst.it/component/mailto/indexd0d5.html]
[www.beneinst.it/component/mailto/index43a9.html]
[www.beneinst.it/component/mailto/index041d.html]
[www.beneinst.it/component/mailto/indexe9b3.html]
[www.beneinst.it/component/mailto/indexb345.html]
[www.beneinst.it/component/mailto/indexc0ee.html]
[www.beneinst.it/component/mailto/index0225.html]
[www.beneinst.it/component/mailto/indexd59f.html]
[www.beneinst.it/modules/mod_ebdarkmode/assets/js/ebdarkmode2e7b.js]
[www.beneinst.it/di-rocco-veltribc9c-2.html]
[www.beneinst.it/component/mailto/indexdfd4.html]
[www.beneinst.it/component/mailto/indexc863.html]
[www.beneinst.it/component/mailto/index797a.html]
[www.beneinst.it/modules/mod_ebdarkmode/assets/js/ebdarkmode0714.js]
[www.beneinst.it/di-rosario-furgiuele-2.html]
[www.beneinst.it/modules/mod_ebdarkmode/assets/js/ebdarkmodeed0f.js]
[www.beneinst.it/di-rita-matrella-2.html]
[www.beneinst.it/component/mailto/indexd2c0.html]
[www.beneinst.it/component/mailto/indexdc24.html]
[www.beneinst.it/modules/mod_ebdarkmode/assets/js/ebdarkmodeb78a.js]
[www.beneinst.it/di-rosachiara-bentivenga-2.html]
[www.beneinst.it/modules/mod_ebdarkmode/assets/js/ebdarkmode9b65.js]
[www.beneinst.it/di-francesco-magli-2.html]
[www.beneinst.it/component/mailto/index28d4.html]
[www.beneinst.it/component/mailto/index4adb.html]
[www.beneinst.it/modules/mod_ebdarkmode/assets/js/ebdarkmodee4ab.js]
[www.beneinst.it/di-valerio-pazzi-2.html]
[www.beneinst.it/modules/mod_ebdarkmode/assets/js/ebdarkmode07eb.js]
[www.beneinst.it/di-felice-gualtieri-2.html]
[www.beneinst.it/component/mailto/index688e.html]
[www.beneinst.it/component/mailto/index7928.html]
[www.beneinst.it/modules/mod_ebdarkmode/assets/js/ebdarkmodeeae6.js]
[www.beneinst.it/salvatoretonnara-2.html]
[www.beneinst.it/component/mailto/indexa10b.html]
[www.beneinst.it/component/mailto/index63b7.html]
[www.beneinst.it/component/mailto/index005c.html]
[www.beneinst.it/component/mailto/index8cb9.html]
[www.beneinst.it/component/mailto/index3969.html]
[www.beneinst.it/component/mailto/indexc8d0.html]
[www.beneinst.it/component/mailto/indexdc04.html]
[www.beneinst.it/component/mailto/index90ec.html]
[www.beneinst.it/component/mailto/indexe2e7.html]
[www.beneinst.it/component/mailto/indexe739.html]
[www.beneinst.it/component/mailto/index19d0.html]
[www.beneinst.it/component/mailto/indexaa8b.html]
[www.beneinst.it/component/mailto/indexa492.html]
[www.beneinst.it/modules/mod_ebdarkmode/assets/js/ebdarkmode22fd.js]
[www.beneinst.it/pubblicazion/in-english/an-ash-ceiling-2.html]
[www.beneinst.it/component/mailto/index20e3.html]
[www.beneinst.it/modules/mod_ebdarkmode/assets/js/ebdarkmodef9d3.js]
[www.beneinst.it/pubblicazion/in-english/it-s-already-us-in-ten-minutes-2.html]
[www.beneinst.it/modules/mod_ebdarkmode/assets/js/ebdarkmode6a50.js]
[www.beneinst.it/pubblicazion/in-english/say-it-yourself-2.html]
[www.beneinst.it/component/mailto/indexc5f3.html]
[www.beneinst.it/component/mailto/index0009.html]
[www.beneinst.it/modules/mod_ebdarkmode/assets/js/ebdarkmode82f6.js]
[www.beneinst.it/pubblicazion/in-english/good-and-evil-memories-2.html]
[www.beneinst.it/component/mailto/indexaf76.html]
[www.beneinst.it/component/mailto/index51d2.html]
[www.beneinst.it/component/mailto/index9c92.html]
[www.beneinst.it/modules/mod_ebdarkmode/assets/js/ebdarkmode67da.js]
[www.beneinst.it/pubblicazion/en-francais/un-plafond-en-frene-2.html]
[www.beneinst.it/component/mailto/index6e1f.html]
[www.beneinst.it/component/mailto/index8408.html]
[www.beneinst.it/component/mailto/index5b61.html]
[www.beneinst.it/component/mailto/indexc8f7.html]
[www.beneinst.it/modules/mod_ebdarkmode/assets/js/ebdarkmode1082.js]
[www.beneinst.it/pubblicazion/en-francais/nous-sommes-deja-dans-2.html]
[www.beneinst.it/modules/mod_ebdarkmode/assets/js/ebdarkmodeb2d1.js]
[www.beneinst.it/pubblicazion/en-francais/dis-le-toi-meme-2.html]
[www.beneinst.it/component/mailto/index82c5.html]
[www.beneinst.it/component/mailto/index70ca.html]
[www.beneinst.it/modules/mod_ebdarkmode/assets/js/ebdarkmode6d30.js]
[www.beneinst.it/pubblicazion/en-francais/le-bien-et-le-mal-memoires-2.html]
[www.beneinst.it/component/mailto/index5c27.html]
[www.beneinst.it/component/mailto/indexce6c.html]
[www.beneinst.it/component/mailto/indexfea6.html]
[www.beneinst.it/modules/mod_ebdarkmode/assets/js/ebdarkmoded81d.js]
[www.beneinst.it/pubblicazion/en-espanol/un-techo-de-cenizas-b-2.html]
[www.beneinst.it/component/mailto/index0198.html]
[www.beneinst.it/component/mailto/indexac1f.html]
[www.beneinst.it/modules/mod_ebdarkmode/assets/js/ebdarkmode19f0.js]
[www.beneinst.it/pubblicazion/en-espanol/dilo-tu-mismo-a-2.html]
[www.beneinst.it/component/mailto/indexa919.html]
[www.beneinst.it/component/mailto/index91d7.html]
[www.beneinst.it/modules/mod_ebdarkmode/assets/js/ebdarkmode0f51.js]
[www.beneinst.it/pubblicazion/en-espanol/el-bien-y-el-mal-memorias-2.html]
[www.beneinst.it/component/mailto/indexdb3c.html]
[www.beneinst.it/component/mailto/index82e8.html]
[www.beneinst.it/modules/mod_ebdarkmode/assets/js/ebdarkmode1c72.js]
[www.beneinst.it/condiscendenza-umana-2.html]
[www.beneinst.it/component/mailto/index73ea.html]
[www.beneinst.it/modules/mod_ebdarkmode/assets/js/ebdarkmode5978.js]
[www.beneinst.it/io-ho-molte-credenze-2.html]
[www.beneinst.it/component/mailto/indexab02.html]
[www.beneinst.it/component/mailto/index8c3e.html]
[www.beneinst.it/modules/mod_ebdarkmode/assets/js/ebdarkmode6223.js]
[www.beneinst.it/i-sogni-il-tempo-2.html]
[www.beneinst.it/component/mailto/index087b.html]
[www.beneinst.it/modules/mod_ebdarkmode/assets/js/ebdarkmode2fb3.js]
[www.beneinst.it/le-parole-che-non-si-possono-usare-2.html]
[www.beneinst.it/modules/mod_ebdarkmode/assets/js/ebdarkmode5fa1.js]
[www.beneinst.it/sino-polis-2.html]
[www.beneinst.it/component/mailto/index844a.html]
[www.beneinst.it/modules/mod_ebdarkmode/assets/js/ebdarkmode82ff.js]
[www.beneinst.it/mercurio-io-e-tu-2.html]
[www.beneinst.it/component/mailto/indexa5ff.html]
[www.beneinst.it/component/mailto/index6daf.html]
[www.beneinst.it/modules/mod_ebdarkmode/assets/js/ebdarkmode0630.js]
[www.beneinst.it/te-lo-colorerei-2.html]
[www.beneinst.it/component/mailto/indexbf9e.html]
[www.beneinst.it/modules/mod_ebdarkmode/assets/js/ebdarkmode0377.js]
[www.beneinst.it/per-ch-e-sempre-2.html]
[www.beneinst.it/component/mailto/indexc92e.html]
[www.beneinst.it/modules/mod_ebdarkmode/assets/js/ebdarkmodeead8.js]
[www.beneinst.it/audiolibri-2.html]
[www.beneinst.it/component/mailto/index14dd.html]
[www.beneinst.it/component/mailto/indexea43.html]
[www.beneinst.it/component/mailto/index08e7.html]
[www.beneinst.it/component/mailto/indexcba0.html]
[www.beneinst.it/component/mailto/indexebbd.html]
[www.beneinst.it/component/mailto/indexefc0.html]
[www.beneinst.it/component/mailto/indexddd3.html]
[www.beneinst.it/component/mailto/indexa7fe.html]
[www.beneinst.it/component/mailto/indexe364.html]
[www.beneinst.it/modules/mod_ebdarkmode/assets/js/ebdarkmode7887.js]
[www.beneinst.it/contatti-2.html]
[www.beneinst.it/component/mailto/index195d.html]
[www.beneinst.it/component/mailto/indexd8e5.html]
[www.beneinst.it/modules/mod_ebdarkmode/assets/js/ebdarkmodeafc2.js]
[www.beneinst.it/component/mailto/index8494.html]
[www.beneinst.it/mappa-beneinst-2.html]
[www.beneinst.it/component/mailto/index5670.html]
[www.beneinst.it/component/mailto/indexec6c.html]
[www.beneinst.it/modules/mod_ebdarkmode/assets/js/ebdarkmode90ae.js]
[www.beneinst.it/index-2.html]
[www.beneinst.it/modules/mod_ebdarkmode/assets/js/ebdarkmode2bae.js]
[www.beneinst.it/index.php/sed-etiam-menu.html]
[www.beneinst.it/component/mailto/indexb711.html]
[www.beneinst.it/component/mailto/index3570.html]
[www.beneinst.it/modules/mod_ebdarkmode/assets/js/ebdarkmode9b97.js]
[www.beneinst.it/index.php/di-g-ambrosecchia.html]
[www.beneinst.it/modules/mod_ebdarkmode/assets/js/ebdarkmodede9a.js]
[www.beneinst.it/index.php/di-franco-bazzarelli.html]
[www.beneinst.it/component/mailto/index0092.html]
[www.beneinst.it/component/mailto/index6e2d.html]
[www.beneinst.it/modules/mod_ebdarkmode/assets/js/ebdarkmodeac4d.js]
[www.beneinst.it/index.php/di-salvatore-esposito.html]
[www.beneinst.it/modules/mod_ebdarkmode/assets/js/ebdarkmode0efc.js]
[www.beneinst.it/index.php/di-arturo-pistocchi-2.html]
[www.beneinst.it/component/mailto/index2271.html]
[www.beneinst.it/component/mailto/index3fed-2.html]
[www.beneinst.it/modules/mod_ebdarkmode/assets/js/ebdarkmode3893.js]
[www.beneinst.it/index.php/di-salvatore-messina-2.html]
[www.beneinst.it/component/mailto/index323b.html]
[www.beneinst.it/modules/mod_ebdarkmode/assets/js/ebdarkmode55d7.js]
[www.beneinst.it/index.php/di-anna-maria-tarantino.html]
[www.beneinst.it/component/mailto/index9ac6.html]
[www.beneinst.it/modules/mod_ebdarkmode/assets/js/ebdarkmode1099.js]
[www.beneinst.it/index.php/di-chiara-g-schiavini.html]
[www.beneinst.it/component/mailto/indexce6f.html]
[www.beneinst.it/modules/mod_ebdarkmode/assets/js/ebdarkmode835c.js]
[www.beneinst.it/index.php/di-begonia-curto.html]
[www.beneinst.it/component/mailto/index117d.html]
[www.beneinst.it/modules/mod_ebdarkmode/assets/js/ebdarkmode6890.js]
[www.beneinst.it/index.php/di-katia-ferri.html]
[www.beneinst.it/modules/mod_ebdarkmode/assets/js/ebdarkmoded540.js]
[www.beneinst.it/index.php/di-marco-piluso.html]
[www.beneinst.it/component/mailto/indexa5b1.html]
[www.beneinst.it/modules/mod_ebdarkmode/assets/js/ebdarkmode91a9.js]
[www.beneinst.it/index.php/di-rocco-veltri.html]
[www.beneinst.it/component/mailto/indexe038.html]
[www.beneinst.it/modules/mod_ebdarkmode/assets/js/ebdarkmodeb245.js]
[www.beneinst.it/index.php/di-marino-recupero.html]
[www.beneinst.it/component/mailto/index71de.html]
[www.beneinst.it/component/mailto/index8f3f.html]
[www.beneinst.it/modules/mod_ebdarkmode/assets/js/ebdarkmode41b7.js]
[www.beneinst.it/index.php/di-franco-farina.html]
[www.beneinst.it/modules/mod_ebdarkmode/assets/js/ebdarkmodefd2b.js]
[www.beneinst.it/index.php/di-arturo-pistocchi.html]
[www.beneinst.it/component/mailto/indexf5dd.html]
[www.beneinst.it/modules/mod_ebdarkmode/assets/js/ebdarkmodece7b.js]
[www.beneinst.it/index.php/di-massimo-vaj.html]
[www.beneinst.it/component/mailto/index5b92.html]
[www.beneinst.it/component/mailto/indexf477.html]
[www.beneinst.it/modules/mod_ebdarkmode/assets/js/ebdarkmode6962.js]
[www.beneinst.it/index.php/di-luigi-cardarelli.html]
[www.beneinst.it/modules/mod_ebdarkmode/assets/js/ebdarkmode0612.js]
[www.beneinst.it/index.php/di-maria-teresa-azzoni.html]
[www.beneinst.it/component/mailto/index31c6.html]
[www.beneinst.it/component/mailto/indexff00.html]
[www.beneinst.it/modules/mod_ebdarkmode/assets/js/ebdarkmode0c69.js]
[www.beneinst.it/index.php/lettera-alla-nipote.html]
[www.beneinst.it/modules/mod_ebdarkmode/assets/js/ebdarkmoded193.js]
[www.beneinst.it/index.php/di-rosario-furgiuele.html]
[www.beneinst.it/component/mailto/index6f2f.html]
[www.beneinst.it/modules/mod_ebdarkmode/assets/js/ebdarkmode4f67.js]
[www.beneinst.it/index.php/di-rita-matrella.html]
[www.beneinst.it/component/mailto/index317b.html]
[www.beneinst.it/component/mailto/index239a.html]
[www.beneinst.it/modules/mod_ebdarkmode/assets/js/ebdarkmode7bdd.js]
[www.beneinst.it/index.php/di-rosachiara-bentivenga.html]
[www.beneinst.it/component/mailto/index7b62.html]
[www.beneinst.it/modules/mod_ebdarkmode/assets/js/ebdarkmode0280.js]
[www.beneinst.it/index.php/di-francesco-magli.html]
[www.beneinst.it/component/mailto/indexbf34.html]
[www.beneinst.it/modules/mod_ebdarkmode/assets/js/ebdarkmode65b5.js]
[www.beneinst.it/index.php/di-valerio-pazzi.html]
[www.beneinst.it/component/mailto/index019d.html]
[www.beneinst.it/modules/mod_ebdarkmode/assets/js/ebdarkmode678d.js]
[www.beneinst.it/index.php/di-felice-gualtieri.html]
[www.beneinst.it/component/mailto/index7674.html]
[www.beneinst.it/modules/mod_ebdarkmode/assets/js/ebdarkmode59ff.js]
[www.beneinst.it/index.php/salvatoretonnara.html]
[www.beneinst.it/component/mailto/indexcacf.html]
[www.beneinst.it/modules/mod_ebdarkmode/assets/js/ebdarkmodede57.js]
[www.beneinst.it/component/mailto/index6a8a.html]
[www.beneinst.it/index.php/diari-menu.html]
[www.beneinst.it/modules/mod_ebdarkmode/assets/js/ebdarkmode27dc.js]
[www.beneinst.it/index.php/pubblicazion/in-italiano/il-bene-e-il-male-memorie-b.html]
[www.beneinst.it/modules/mod_ebdarkmode/assets/js/ebdarkmode71ae.js]
[www.beneinst.it/index.php/pubblicazion/in-italiano/un-soffitto-di-cenere.html]
[www.beneinst.it/component/mailto/indexb9d9.html]
[www.beneinst.it/modules/mod_ebdarkmode/assets/js/ebdarkmode23ec.js]
[www.beneinst.it/index.php/pubblicazion/in-italiano/siamo-gia-noi-tra-dieci-minuti.html]
[www.beneinst.it/component/mailto/indexae35.html]
[www.beneinst.it/component/mailto/indexef90.html]
[www.beneinst.it/modules/mod_ebdarkmode/assets/js/ebdarkmode1448.js]
[www.beneinst.it/index.php/pubblicazion/in-italiano/dillo-tu-te-stesso.html]
[www.beneinst.it/modules/mod_ebdarkmode/assets/js/ebdarkmodecafe.js]
[www.beneinst.it/index.php/pubblicazion/in-english/good-and-evil-memories.html]
[www.beneinst.it/component/mailto/indexcf11.html]
[www.beneinst.it/modules/mod_ebdarkmode/assets/js/ebdarkmode36a8.js]
[www.beneinst.it/index.php/pubblicazion/in-english/an-ash-ceiling.html]
[www.beneinst.it/component/mailto/index07ef.html]
[www.beneinst.it/component/mailto/indexc42f.html]
[www.beneinst.it/modules/mod_ebdarkmode/assets/js/ebdarkmode6db6.js]
[www.beneinst.it/index.php/pubblicazion/in-english/it-s-already-us-in-ten-minutes.html]
[www.beneinst.it/component/mailto/index7e29.html]
[www.beneinst.it/modules/mod_ebdarkmode/assets/js/ebdarkmodea73d.js]
[www.beneinst.it/index.php/pubblicazion/in-english/say-it-yourself.html]
[www.beneinst.it/modules/mod_ebdarkmode/assets/js/ebdarkmode010d.js]
[www.beneinst.it/index.php/pubblicazion/en-espanol/el-bien-y-el-mal-memorias.html]
[www.beneinst.it/component/mailto/indexe25d.html]
[www.beneinst.it/modules/mod_ebdarkmode/assets/js/ebdarkmode6799.js]
[www.beneinst.it/index.php/pubblicazion/en-espanol/un-techo-de-cenizas-b.html]
[www.beneinst.it/component/mailto/index0774.html]
[www.beneinst.it/component/mailto/index255f.html]
[www.beneinst.it/modules/mod_ebdarkmode/assets/js/ebdarkmode6f75.js]
[www.beneinst.it/index.php/pubblicazion/en-espanol/dilo-tu-mismo-a.html]
[www.beneinst.it/modules/mod_ebdarkmode/assets/js/ebdarkmodebc9d.js]
[www.beneinst.it/index.php/condiscendenza-umana.html]
[www.beneinst.it/component/mailto/index6267.html]
[www.beneinst.it/modules/mod_ebdarkmode/assets/js/ebdarkmode332c.js]
[www.beneinst.it/index.php/io-ho-molte-credenze.html]
[www.beneinst.it/component/mailto/indexeb9f.html]
[www.beneinst.it/modules/mod_ebdarkmode/assets/js/ebdarkmodeaec1.js]
[www.beneinst.it/index.php/i-sogni-il-tempo.html]
[www.beneinst.it/component/mailto/index8b8c.html]
[www.beneinst.it/modules/mod_ebdarkmode/assets/js/ebdarkmode85fb.js]
[www.beneinst.it/index.php/le-parole-che-non-si-possono-usare.html]
[www.beneinst.it/component/mailto/index31a6.html]
[www.beneinst.it/component/mailto/index0827.html]
[www.beneinst.it/modules/mod_ebdarkmode/assets/js/ebdarkmodef29d.js]
[www.beneinst.it/index.php/sino-polis.html]
[www.beneinst.it/component/mailto/index280b.html]
[www.beneinst.it/modules/mod_ebdarkmode/assets/js/ebdarkmodef3b3.js]
[www.beneinst.it/index.php/mercurio-io-e-tu.html]
[www.beneinst.it/modules/mod_ebdarkmode/assets/js/ebdarkmode6089.js]
[www.beneinst.it/index.php/te-lo-colorerei.html]
[www.beneinst.it/component/mailto/index2cd2.html]
[www.beneinst.it/modules/mod_ebdarkmode/assets/js/ebdarkmode2f6b.js]
[www.beneinst.it/index.php/per-ch-e-sempre.html]
[www.beneinst.it/component/mailto/index26b4.html]
[www.beneinst.it/component/mailto/indexb309.html]
[www.beneinst.it/modules/mod_ebdarkmode/assets/js/ebdarkmode7024.js]
[www.beneinst.it/index.php/audiolibri.html]
[www.beneinst.it/modules/mod_ebdarkmode/assets/js/ebdarkmode657f.js]
[www.beneinst.it/index.php/chi-sono.html]
[www.beneinst.it/component/mailto/index684f.html]
[www.beneinst.it/modules/mod_ebdarkmode/assets/js/ebdarkmode5ac5.js]
[www.beneinst.it/index.php/contatti.html]
[www.beneinst.it/component/mailto/index97f8.html]
[www.beneinst.it/component/mailto/indexe5e1.html]
[www.beneinst.it/modules/mod_ebdarkmode/assets/js/ebdarkmode23dd.js]
[www.beneinst.it/component/mailto/index2fa7.html]
[www.beneinst.it/index.php/mappa-beneinst.html]
[www.beneinst.it/modules/mod_ebdarkmode/assets/js/ebdarkmodebc82.js]
[www.beneinst.it/index.php/chisono/cookie-privacy-policy.html]
[www.beneinst.it/component/mailto/indexf232.html]
[www.beneinst.it/modules/mod_ebdarkmode/assets/js/ebdarkmode6b2b.js]
[www.beneinst.it/component/mailto/index283d.html]
[www.beneinst.it/index.php/pdf.html]
[www.beneinst.it/modules/mod_ebdarkmode/assets/js/ebdarkmode06c6.js]
[www.beneinst.it/index.php/epub.html]
[www.beneinst.it/component/mailto/index5f64.html]
[www.beneinst.it/modules/mod_ebdarkmode/assets/js/ebdarkmode551f.js]
[www.beneinst.it/component/mailto/index5258.html]
[www.beneinst.it/index.php/awz3-mobi.html]
[www.beneinst.it/component/mailto/index365c.html]
[www.beneinst.it/component/mailto/indexe976.html]
[www.beneinst.it/modules/mod_ebdarkmode/assets/js/ebdarkmodee0d4.js]
[www.beneinst.it/media/media/Ebook/pdf/leopardi_canti.pdf]
[www.beneinst.it/component/mailto/indexa62e.html]
[www.beneinst.it/media/media/Ebook/pdf/leopardi_operette_morali.pdf]
[www.beneinst.it/media/media/Ebook/pdf/dauli_cabala_bianca.pdf]
[www.beneinst.it/media/media/Ebook/pdf/dauli_ricostruire_la_vita.pdf]
[www.beneinst.it/media/media/Ebook/pdf/erasmus_roterodamus_elogio_della_follia.pdf]
[www.beneinst.it/media/media/Ebook/pdf/Euripide.pdf]
[www.beneinst.it/media/media/Ebook/pdf/seneca_lettere.pdf]
[www.beneinst.it/media/media/Ebook/pdf/Fedro - Favole.pdf]
[www.beneinst.it/media/media/Ebook/pdf/la_div_p.pdf]
[www.beneinst.it/media/media/Ebook/pdf/Dialogo sopra la nobilta - Giuseppe Parini.pdf]
[www.beneinst.it/media/media/Ebook/pdf/Il Principe - N Macchiavelli.pdf]
[www.beneinst.it/media/media/Ebook/pdf/Antonin Artaud - Per gli analfabeti.pdf]
[www.beneinst.it/media/media/Ebook/pdf/collodi_pinocchio.pdf]
[www.beneinst.it/media/media/Ebook/pdf/Alessandra Erici - Il prezzo del silenzio.pdf]
[www.beneinst.it/media/media/Ebook/pdf/ilcanticodellecreature - Gerardo D' Orrico.pdf]
[www.beneinst.it/media/media/Ebook/pdf/voltaire_candido_o_l_ottimismo.pdf]
[www.beneinst.it/media/media/Ebook/pdf/ApologiadiSocrate.pdf]
[www.beneinst.it/media/media/Ebook/pdf/[Ebook -ITA] Hermann Hesse - Siddharta.pdf]
[www.beneinst.it/media/media/Ebook/pdf/svevo_corto_viaggio_sentimentale.pdf]
[www.beneinst.it/media/media/Ebook/pdf/Bonvesin dela Riva - Libro delle Tre Scritture - st.pdf]
[www.beneinst.it/media/media/Ebook/pdf/Jack Kerouac Diane Di Prima - Beat City Blues.pdf]
[www.beneinst.it/media/media/Ebook/pdf/La canzone dei Nibelunghi - standard.pdf]
[www.beneinst.it/media/media/Ebook/pdf/la_com_p.pdf]
[www.beneinst.it/media/media/Ebook/pdf/shakespeare_giulio_cesare.pdf]
[www.beneinst.it/media/media/Ebook/pdf/Tom Robbins - Il Fungo Magico.pdf]
[www.beneinst.it/media/media/Ebook/pdf/verga_i_malavoglia.pdf]
[www.beneinst.it/media/media/Ebook/pdf/verga_tutte_le_novelle.pdf]
[www.beneinst.it/media/media/Ebook/pdf/Verga - La lupa  standard.pdf]
[www.beneinst.it/pdfbc9c.html]
[www.beneinst.it/modules/mod_ebdarkmode/assets/js/ebdarkmodec201.js]
[www.beneinst.it/component/mailto/indexeef7.html]
[www.beneinst.it/pdf-2.html]
[www.beneinst.it/modules/mod_ebdarkmode/assets/js/ebdarkmoded0f6.js]
[www.beneinst.it/epub-2.html]
[www.beneinst.it/component/mailto/indexd635.html]
[www.beneinst.it/modules/mod_ebdarkmode/assets/js/ebdarkmode371d.js]
[www.beneinst.it/component/mailto/index2c81.html]
[www.beneinst.it/awz3-mobi-2.html]
[www.beneinst.it/component/mailto/indexed65.html]
[www.beneinst.it/modules/mod_ebdarkmode/assets/js/ebdarkmode0b0d.js]
[www.beneinst.it/media/media/Ebook/epub/leonardo_trattato_della_pittura.epub]
[www.beneinst.it/media/media/Ebook/epub/leopardi_operette_morali.epub]
[www.beneinst.it/component/mailto/index7902.html]
[www.beneinst.it/media/media/Ebook/epub/machiavelli_il_principe.epub]
[www.beneinst.it/media/media/Ebook/epub/svevo_la_coscienza_di_zeno.epub]
[www.beneinst.it/media/media/Ebook/epub/Manzoni - Il Cinque Maggio e Il Conte di C - st.epub]
[www.beneinst.it/media/media/Ebook/epub/goethe_i_dolori_del_giovane_werther.epub]
[www.beneinst.it/media/media/Ebook/epub/shakespeare_amleto.epub]
[www.beneinst.it/media/media/Ebook/epub/shakespeare_macbeth.epub]
[www.beneinst.it/media/media/Ebook/epub/shakespeare_romeo_e_giulietta.epub]
[www.beneinst.it/media/media/Ebook/epub/tolstoj_anna_karenina.epub]
[www.beneinst.it/media/media/Ebook/epub/tolstoj_denaro_falso.epub]
[www.beneinst.it/media/media/Ebook/epub/tolstoj_la_morte_di_ivan_ilijc.epub]
[www.beneinst.it/epubbc9c.html]
[www.beneinst.it/component/mailto/indexdb5a.html]
[www.beneinst.it/media/media/Ebook/mobi/Siddharta - Hermann Hesse.html]
[www.beneinst.it/media/media/Ebook/mobi/Jacques e il suo padrone, omagg.html]
[www.beneinst.it/media/media/Ebook/mobi/La cultura contro il fascismo.html]
[www.beneinst.it/media/media/Ebook/mobi/L'idiota - Fedor Dostoevskij.html]
[www.beneinst.it/media/media/Ebook/mobi/L'uomo medievale - Jacques Le Goff.html]
[www.beneinst.it/media/media/Ebook/mobi/L'arte del trattar le donne.html]
[www.beneinst.it/media/media/Ebook/mobi/L'anticristo - Nietzsche.html]
[www.beneinst.it/media/media/Ebook/mobi/Le affinita elettive - Wolfgang Goethe.html]
[www.beneinst.it/media/media/Ebook/mobi/I dolori del giovane Werther - J. W. Goethe.html]
[www.beneinst.it/media/media/Ebook/mobi/Il corvo - Edgar Allan Poe.html]
[www.beneinst.it/media/media/Ebook/mobi/Poesie - Francois Villon.html]
[www.beneinst.it/media/media/Ebook/mobi/Il giorno della civetta - Leonardo Sciascia.html]
[www.beneinst.it/media/media/Ebook/mobi/Il giorno - Giuseppe Parini.html]
[www.beneinst.it/media/media/Ebook/mobi/Il fanciullino - Giovanni Pascoli.html]
[www.beneinst.it/media/media/Ebook/mobi/I Canti di Castelvecchio - Giovanni Pascoli.html]
[www.beneinst.it/modules/mod_ebdarkmode/assets/js/ebdarkmode2c85.js]
[www.beneinst.it/component/mailto/index2df5.html]
[www.beneinst.it/media/media/Ebook/mobi/Rime - Dante.mobi]
[www.beneinst.it/media/media/Ebook/mobi/Il ferro - D'Annunzio.mobi]
[www.beneinst.it/media/media/Ebook/mobi/Poema Paradisiaco - D'Annunzio.mobi]
[www.beneinst.it/media/media/Ebook/mobi/Tutte le poesie - Campanella.mobi]
[www.beneinst.it/media/media/Ebook/mobi/Il pedante gabbato - Cyrano.mobi]
[www.beneinst.it/media/media/Ebook/mobi/Metafisica - Aristotele.mobi]
[www.beneinst.it/media/media/Ebook/mobi/pg37776-images.mobi]
[www.beneinst.it/media/media/Ebook/mobi/Libro delle Tre Scritture - Bonvesin de la Riva.mobi]
[www.beneinst.it/awz3-mobibc9c.html]
[www.beneinst.it/component/mailto/indexec34.html]
[www.beneinst.it/component/mailto/index086c.html]
[www.beneinst.it/component/mailto/indexd67e.html]
[www.beneinst.it/component/mailto/index762c.html]
[www.beneinst.it/component/mailto/index7343.html]
[www.beneinst.it/component/mailto/indexa222.html]
[www.beneinst.it/component/mailto/index79e2.html]
[www.beneinst.it/component/mailto/indexdac0.html]
[www.beneinst.it/component/mailto/index4c24.html]
[www.beneinst.it/component/mailto/index0c07.html]
[www.beneinst.it/component/mailto/index16bd.html]
[www.beneinst.it/component/mailto/index64ba.html]
[www.beneinst.it/component/mailto/index0277.html]
[www.beneinst.it/component/mailto/index0713.html]
[www.beneinst.it/media/com_jchoptimize/cache/css/c960300fab81110bfe82f7225a1904b8cb99d8f4a664297a97a72c49c5618f09.css]
[www.beneinst.it/modules/mod_ebdarkmode/assets/js/ebdarkmode65db.js]
[www.beneinst.it/index.php/index.html]
[www.beneinst.it/component/mailto/index38e5.html]
[www.beneinst.it/component/mailto/index04ed.html]
[www.beneinst.it/component/mailto/index60f5.html]
[www.beneinst.it/component/mailto/indexb755.html]
[www.beneinst.it/component/mailto/index2d9b.html]
[www.beneinst.it/component/mailto/index1df7.html]
[www.beneinst.it/component/mailto/indexf206.html]
[www.beneinst.it/component/mailto/indexb024.html]
[www.beneinst.it/component/mailto/indexee79.html]
[www.beneinst.it/component/mailto/indexb2e8.html]
[www.beneinst.it/component/mailto/index5d7b.html]
[www.beneinst.it/component/mailto/index300f.html]
[www.beneinst.it/component/mailto/indexd736.html]
[www.beneinst.it/component/mailto/index88fc.html]
[www.beneinst.it/component/mailto/index3f30.html]
[www.beneinst.it/component/mailto/indexab21.html]
[www.beneinst.it/component/mailto/indexef98.html]
[www.beneinst.it/component/mailto/index47cc.html]
[www.beneinst.it/component/mailto/indexdff3.html]
[www.beneinst.it/component/mailto/indexf2ac.html]
[www.beneinst.it/component/mailto/index3880.html]
[www.beneinst.it/component/mailto/index25c5.html]
[www.beneinst.it/component/mailto/index73ba.html]
[www.beneinst.it/component/mailto/index9730.html]
[www.beneinst.it/component/mailto/index44a7.html]
[www.beneinst.it/component/mailto/indexf7c5.html]
[www.beneinst.it/component/mailto/index2d12.html]
[www.beneinst.it/component/mailto/index3fed.html]
[www.beneinst.it/component/mailto/indexe435.html]
[www.beneinst.it/component/mailto/indexfffe.html]
[www.beneinst.it/component/mailto/indexb4d1.html]
[www.beneinst.it/component/mailto/index9154.html]
[www.beneinst.it/component/mailto/indexd110.html]
[www.beneinst.it/component/mailto/index06cc.html]
[www.beneinst.it/component/mailto/index3a7c.html]
[www.beneinst.it/component/mailto/index1484.html]
[www.beneinst.it/component/mailto/indexcd9a.html]
[www.beneinst.it/component/mailto/index1dc1.html]
[www.beneinst.it/component/mailto/indexd59f.html]
[www.beneinst.it/component/mailto/index797a.html]
[www.beneinst.it/component/mailto/indexd2c0.html]
[www.beneinst.it/component/mailto/indexdc24.html]
[www.beneinst.it/component/mailto/index28d4.html]
[www.beneinst.it/component/mailto/index4adb.html]
[www.beneinst.it/component/mailto/index688e.html]
[www.beneinst.it/component/mailto/index7928.html]
[www.beneinst.it/component/mailto/indexa492.html]
[www.beneinst.it/component/mailto/index20e3.html]
[www.beneinst.it/component/mailto/index0009.html]
[www.beneinst.it/component/mailto/index8408.html]
[www.beneinst.it/component/mailto/index6e1f.html]
[www.beneinst.it/component/mailto/index5b61.html]
[www.beneinst.it/component/mailto/indexc8f7.html]
[www.beneinst.it/component/mailto/index70ca.html]
[www.beneinst.it/component/mailto/index0198.html]
[www.beneinst.it/component/mailto/indexac1f.html]
[www.beneinst.it/component/mailto/index91d7.html]
[www.beneinst.it/component/mailto/index73ea.html]
[www.beneinst.it/component/mailto/indexab02.html]
[www.beneinst.it/component/mailto/index8c3e.html]
[www.beneinst.it/component/mailto/index087b.html]
[www.beneinst.it/component/mailto/index844a.html]
[www.beneinst.it/component/mailto/indexa5ff.html]
[www.beneinst.it/component/mailto/index6daf.html]
[www.beneinst.it/component/mailto/indexbf9e.html]
[www.beneinst.it/component/mailto/indexc92e.html]
[www.beneinst.it/component/mailto/index195d.html]
[www.beneinst.it/component/mailto/indexd8e5.html]
[www.beneinst.it/component/mailto/index8494.html]
[www.beneinst.it/component/mailto/indexb711.html]
[www.beneinst.it/component/mailto/index3570.html]
[www.beneinst.it/component/mailto/index0092.html]
[www.beneinst.it/component/mailto/index6e2d.html]
[www.beneinst.it/component/mailto/index2271.html]
[www.beneinst.it/component/mailto/index3fed-2.html]
[www.beneinst.it/component/mailto/index323b.html]
[www.beneinst.it/component/mailto/index9ac6.html]
[www.beneinst.it/component/mailto/indexce6f.html]
[www.beneinst.it/component/mailto/index117d.html]
[www.beneinst.it/component/mailto/indexa5b1.html]
[www.beneinst.it/component/mailto/indexe038.html]
[www.beneinst.it/component/mailto/index71de.html]
[www.beneinst.it/component/mailto/index8f3f.html]
[www.beneinst.it/component/mailto/indexf5dd.html]
[www.beneinst.it/component/mailto/index5b92.html]
[www.beneinst.it/component/mailto/indexf477.html]
[www.beneinst.it/component/mailto/index31c6.html]
[www.beneinst.it/component/mailto/indexff00.html]
[www.beneinst.it/component/mailto/index6f2f.html]
[www.beneinst.it/component/mailto/index317b.html]
[www.beneinst.it/component/mailto/index239a.html]
[www.beneinst.it/component/mailto/index7b62.html]
[www.beneinst.it/component/mailto/indexbf34.html]
[www.beneinst.it/component/mailto/index019d.html]
[www.beneinst.it/component/mailto/index7674.html]
[www.beneinst.it/component/mailto/indexcacf.html]
[www.beneinst.it/component/mailto/index6a8a.html]
[www.beneinst.it/component/mailto/indexb9d9.html]
[www.beneinst.it/component/mailto/indexae35.html]
[www.beneinst.it/component/mailto/indexef90.html]
[www.beneinst.it/component/mailto/indexcf11.html]
[www.beneinst.it/component/mailto/index07ef.html]
[www.beneinst.it/component/mailto/indexc42f.html]
[www.beneinst.it/component/mailto/index7e29.html]
[www.beneinst.it/component/mailto/indexe25d.html]
[www.beneinst.it/component/mailto/index0774.html]
[www.beneinst.it/component/mailto/index255f.html]
[www.beneinst.it/component/mailto/index6267.html]
[www.beneinst.it/component/mailto/indexeb9f.html]
[www.beneinst.it/component/mailto/index8b8c.html]
[www.beneinst.it/component/mailto/index31a6.html]
[www.beneinst.it/component/mailto/index0827.html]
[www.beneinst.it/component/mailto/index280b.html]
[www.beneinst.it/component/mailto/index2cd2.html]
[www.beneinst.it/component/mailto/index26b4.html]
[www.beneinst.it/component/mailto/indexb309.html]
[www.beneinst.it/component/mailto/index684f.html]
[www.beneinst.it/component/mailto/index97f8.html]
[www.beneinst.it/component/mailto/indexe5e1.html]
[www.beneinst.it/component/mailto/index2fa7.html]
[www.beneinst.it/component/mailto/indexf232.html]
[www.beneinst.it/component/mailto/index283d.html]
[www.beneinst.it/component/mailto/index5f64.html]
[www.beneinst.it/component/mailto/index5258.html]
[www.beneinst.it/component/mailto/indexa62e.html]
[www.beneinst.it/component/mailto/indexeef7.html]
[www.beneinst.it/component/mailto/indexd635.html]
[www.beneinst.it/component/mailto/index2c81.html]
[www.beneinst.it/component/mailto/index7902.html]
[www.beneinst.it/component/mailto/index2df5.html]
[www.beneinst.it/media/media/Ebook/mobi/ilcanticodellecreature.html]
[www.beneinst.it/media/media/Ebook/mobi/Monarchia - Dante Alighieri.html]
[www.beneinst.it/media/media/Ebook/mobi/apologia di socrate - platone.html]
[www.beneinst.it/media/media/Ebook/mobi/critone - platone.html]
[www.beneinst.it/media/media/Ebook/mobi/Simposio - Platone.html]
[www.beneinst.it/media/media/Ebook/mobi/Vita di Demostene e Cicerone - Plutarco.html]
[www.beneinst.it/component/mailto/index0713.html]
[www.beneinst.it/component/mailto/indexe286.html]
[www.beneinst.it/component/mailto/indexe286.html]
